#
# There is insufficient memory for the Java Runtime Environment to continue.
# Native memory allocation (malloc) failed to allocate 2059216 bytes for Chunk::new
# Possible reasons:
#   The system is out of physical RAM or swap space
#   The process is running with CompressedOops enabled, and the Java Heap may be blocking the growth of the native heap
# Possible solutions:
#   Reduce memory load on the system
#   Increase physical memory or swap space
#   Check if swap backing store is full
#   Decrease Java heap size (-Xmx/-Xms)
#   Decrease number of Java threads
#   Decrease Java thread stack sizes (-Xss)
#   Set larger code cache with -XX:ReservedCodeCacheSize=
#   JVM is running with Unscaled Compressed Oops mode in which the Java heap is
#     placed in the first 4GB address space. The Java Heap base address is the
#     maximum limit for the native heap growth. Please use -XX:HeapBaseMinAddress
#     to set the Java Heap base and to place the Java Heap above 4GB virtual address.
# This output file may be truncated or incomplete.
#
#  Out of Memory Error (arena.cpp:189), pid=16456, tid=18604
#
# JRE version: OpenJDK Runtime Environment (17.0.6) (build 17.0.6+0-b2043.56-10027231)
# Java VM: OpenJDK 64-Bit Server VM (17.0.6+0-b2043.56-10027231, mixed mode, tiered, compressed oops, compressed class ptrs, g1 gc, windows-amd64)
# No core dump will be written. Minidumps are not enabled by default on client versions of Windows
#

---------------  S U M M A R Y ------------

Command Line: --add-opens=java.base/java.util=ALL-UNNAMED --add-opens=java.base/java.lang=ALL-UNNAMED --add-opens=java.base/java.lang.invoke=ALL-UNNAMED --add-opens=java.prefs/java.util.prefs=ALL-UNNAMED --add-opens=java.base/java.nio.charset=ALL-UNNAMED --add-opens=java.base/java.net=ALL-UNNAMED --add-opens=java.base/java.util.concurrent.atomic=ALL-UNNAMED -Xmx2048m -Dfile.encoding=UTF-8 -Duser.country=US -Duser.language=en -Duser.variant org.gradle.launcher.daemon.bootstrap.GradleDaemon 8.0

Host: AMD Ryzen 5 5600H with Radeon Graphics         , 12 cores, 15G,  Windows 11 , 64 bit Build 22621 (10.0.22621.5415)
Time: Mon Jun 30 22:06:38 2025 SE Asia Standard Time elapsed time: 8.710201 seconds (0d 0h 0m 8s)

---------------  T H R E A D  ---------------

Current thread (0x000000001dc9c1d0):  JavaThread "C2 CompilerThread0" daemon [_thread_in_native, id=18604, stack(0x000000001e810000,0x000000001e910000)]


Current CompileTask:
C2:   8710 7485 %     4       org.gradle.internal.instantiation.generator.AbstractClassGenerator::inspectType @ 107 (560 bytes)

Stack: [0x000000001e810000,0x000000001e910000]
Native frames: (J=compiled Java code, j=interpreted, Vv=VM code, C=native code)
V  [jvm.dll+0x683c9a]
V  [jvm.dll+0x8427a4]
V  [jvm.dll+0x843f9e]
V  [jvm.dll+0x844603]
V  [jvm.dll+0x249b75]
V  [jvm.dll+0xabcac]
V  [jvm.dll+0xac27c]
V  [jvm.dll+0x368857]
V  [jvm.dll+0x332f31]
V  [jvm.dll+0x3323da]
V  [jvm.dll+0x21c201]
V  [jvm.dll+0x21b621]
V  [jvm.dll+0x1a4fdd]
V  [jvm.dll+0x22b098]
V  [jvm.dll+0x229159]
V  [jvm.dll+0x7f81ec]
V  [jvm.dll+0x7f274a]
V  [jvm.dll+0x682ad5]
C  [ucrtbase.dll+0x29333]
C  [KERNEL32.DLL+0x1259d]
C  [ntdll.dll+0x5af78]


---------------  P R O C E S S  ---------------

Threads class SMR info:
_java_thread_list=0x0000000026614320, length=172, elements={
0x0000000002b640c0, 0x000000001dc6c020, 0x000000001dc6cda0, 0x000000001dc596e0,
0x000000001dc937c0, 0x000000001dc97590, 0x000000001dc97f40, 0x000000001dc9c1d0,
0x000000001dc9d280, 0x000000001dcae430, 0x000000001de186e0, 0x000000001de199d0,
0x0000000021550f40, 0x000000001f81c3a0, 0x0000000020207f50, 0x00000000206dea10,
0x00000000218499b0, 0x000000002148e5a0, 0x00000000200d96d0, 0x000000002031d570,
0x000000002031f720, 0x000000002031bd60, 0x000000002031d0a0, 0x000000002031c700,
0x000000002031da40, 0x000000002031cbd0, 0x000000002031e3e0, 0x000000002031e8b0,
0x000000002031ed80, 0x000000002031f250, 0x0000000021fa7530, 0x0000000021faa080,
0x0000000021fa9bb0, 0x0000000021faa550, 0x0000000021fad570, 0x0000000021fa7a00,
0x0000000021fae8b0, 0x0000000021faaa20, 0x0000000021fad0a0, 0x0000000021fab3c0,
0x0000000021fa8d40, 0x0000000021fa96e0, 0x0000000021fab890, 0x0000000021fabd60,
0x0000000021fac230, 0x0000000026232d80, 0x0000000026230230, 0x0000000026233720,
0x000000002622c870, 0x00000000262323e0, 0x0000000026231a40, 0x0000000026230700,
0x0000000026233bf0, 0x000000002622f890, 0x0000000026233250, 0x000000002622e550,
0x00000000262328b0, 0x000000002622e080, 0x000000002622f3c0, 0x000000002622cd40,
0x00000000262340c0, 0x00000000262310a0, 0x000000002622ea20, 0x000000002622dbb0,
0x0000000026231570, 0x0000000026231f10, 0x000000002622eef0, 0x000000002622d210,
0x000000002622d6e0, 0x000000002622fd60, 0x0000000026230bd0, 0x000000002b517630,
0x000000002b517b00, 0x000000002b517fd0, 0x000000002b51be60, 0x000000002b5197e0,
0x000000002b517160, 0x000000002b51a650, 0x000000002b5184a0, 0x000000002b518e40,
0x000000002b51aff0, 0x000000002b51b4c0, 0x000000002b51c800, 0x000000002b518970,
0x000000002b519310, 0x000000002b519cb0, 0x000000002b51b990, 0x000000002b51a180,
0x000000002b51ab20, 0x000000002b51c330, 0x000000002b516c90, 0x000000002b51ccd0,
0x000000002b515950, 0x000000002b51d1a0, 0x000000002b5167c0, 0x000000002b515e20,
0x000000002b5162f0, 0x00000000263f0770, 0x00000000263ed750, 0x00000000263f4ad0,
0x00000000263f1f80, 0x00000000263f1ab0, 0x00000000263ef430, 0x00000000263f0c40,
0x00000000263f2920, 0x00000000263f1110, 0x00000000263ee5c0, 0x00000000263ef900,
0x00000000263ed280, 0x00000000263eea90, 0x00000000263efdd0, 0x00000000263eef60,
0x00000000263f02a0, 0x00000000263f2df0, 0x00000000263edc20, 0x00000000263f3790,
0x00000000263f15e0, 0x00000000263f2450, 0x00000000263f32c0, 0x00000000263f3c60,
0x00000000263f4130, 0x00000000263f4600, 0x00000000263ee0f0, 0x00000000267c81a0,
0x00000000267ce1e0, 0x00000000267c8670, 0x00000000267c99b0, 0x00000000267cd840,
0x00000000267c7330, 0x00000000267c7800, 0x00000000267cc500, 0x00000000267c6e60,
0x00000000267c7cd0, 0x00000000267c8b40, 0x00000000267c9010, 0x00000000267cc030,
0x00000000267c94e0, 0x00000000267c9e80, 0x00000000267cacf0, 0x00000000267ca350,
0x00000000267ca820, 0x00000000267cb1c0, 0x00000000267cc9d0, 0x00000000267cb690,
0x00000000267cbb60, 0x00000000267cd370, 0x00000000267ccea0, 0x00000000267cdd10,
0x00000000296bd330, 0x00000000296bc990, 0x00000000296bce60, 0x00000000296bd800,
0x00000000296b94a0, 0x00000000296bc4c0, 0x00000000296b9970, 0x00000000296bdcd0,
0x00000000296be670, 0x00000000296b8630, 0x00000000296b7c90, 0x00000000296b9e40,
0x00000000296be1a0, 0x00000000296b8160, 0x00000000296ba310, 0x00000000296beb40,
0x00000000296bbb20, 0x00000000296b72f0, 0x00000000296bacb0, 0x00000000296b77c0,
0x0000000025fb4580, 0x00000000296b8b00, 0x0000000025fb59c0, 0x00000000296b8fd0
}

Java Threads: ( => current thread )
  0x0000000002b640c0 JavaThread "main" [_thread_blocked, id=18328, stack(0x0000000000a40000,0x0000000000b40000)]
  0x000000001dc6c020 JavaThread "Reference Handler" daemon [_thread_blocked, id=11188, stack(0x000000001e100000,0x000000001e200000)]
  0x000000001dc6cda0 JavaThread "Finalizer" daemon [_thread_blocked, id=8648, stack(0x000000001e200000,0x000000001e300000)]
  0x000000001dc596e0 JavaThread "Signal Dispatcher" daemon [_thread_blocked, id=15740, stack(0x000000001e410000,0x000000001e510000)]
  0x000000001dc937c0 JavaThread "Attach Listener" daemon [_thread_blocked, id=20288, stack(0x000000001e510000,0x000000001e610000)]
  0x000000001dc97590 JavaThread "Service Thread" daemon [_thread_blocked, id=16072, stack(0x000000001e610000,0x000000001e710000)]
  0x000000001dc97f40 JavaThread "Monitor Deflation Thread" daemon [_thread_blocked, id=10944, stack(0x000000001e710000,0x000000001e810000)]
=>0x000000001dc9c1d0 JavaThread "C2 CompilerThread0" daemon [_thread_in_native, id=18604, stack(0x000000001e810000,0x000000001e910000)]
  0x000000001dc9d280 JavaThread "C1 CompilerThread0" daemon [_thread_blocked, id=9408, stack(0x000000001e910000,0x000000001ea10000)]
  0x000000001dcae430 JavaThread "Sweeper thread" daemon [_thread_blocked, id=17152, stack(0x000000001ea10000,0x000000001eb10000)]
  0x000000001de186e0 JavaThread "Common-Cleaner" daemon [_thread_blocked, id=12220, stack(0x000000001eb10000,0x000000001ec10000)]
  0x000000001de199d0 JavaThread "Notification Thread" daemon [_thread_blocked, id=13400, stack(0x000000001ec10000,0x000000001ed10000)]
  0x0000000021550f40 JavaThread "Daemon health stats" [_thread_blocked, id=12208, stack(0x00000000222d0000,0x00000000223d0000)]
  0x000000001f81c3a0 JavaThread "Incoming local TCP Connector on port 53826" [_thread_in_native, id=16724, stack(0x000000001f610000,0x000000001f710000)]
  0x0000000020207f50 JavaThread "Daemon periodic checks" [_thread_blocked, id=3244, stack(0x0000000022860000,0x0000000022960000)]
  0x00000000206dea10 JavaThread "Daemon" [_thread_blocked, id=15492, stack(0x0000000022960000,0x0000000022a60000)]
  0x00000000218499b0 JavaThread "Handler for socket connection from /127.0.0.1:53826 to /127.0.0.1:53827" [_thread_in_native, id=20356, stack(0x0000000022b60000,0x0000000022c60000)]
  0x000000002148e5a0 JavaThread "Cancel handler" [_thread_blocked, id=12864, stack(0x0000000022c60000,0x0000000022d60000)]
  0x00000000200d96d0 JavaThread "Daemon worker" [_thread_in_vm, id=3852, stack(0x0000000022d60000,0x0000000022e60000)]
  0x000000002031d570 JavaThread "Asynchronous log dispatcher for DefaultDaemonConnection: socket connection from /127.0.0.1:53826 to /127.0.0.1:53827" [_thread_blocked, id=18580, stack(0x0000000022e60000,0x0000000022f60000)]
  0x000000002031f720 JavaThread "Stdin handler" [_thread_blocked, id=16792, stack(0x0000000023800000,0x0000000023900000)]
  0x000000002031bd60 JavaThread "Daemon client event forwarder" [_thread_blocked, id=19188, stack(0x0000000023900000,0x0000000023a00000)]
  0x000000002031d0a0 JavaThread "Cache worker for journal cache (C:\Users\ADMIN\.gradle\caches\journal-1)" [_thread_blocked, id=20384, stack(0x0000000024100000,0x0000000024200000)]
  0x000000002031c700 JavaThread "File lock request listener" [_thread_in_native, id=7748, stack(0x0000000024610000,0x0000000024710000)]
  0x000000002031da40 JavaThread "Cache worker for file hash cache (C:\Users\ADMIN\.gradle\caches\8.0\fileHashes)" [_thread_blocked, id=10092, stack(0x00000000244a0000,0x00000000245a0000)]
  0x000000002031cbd0 JavaThread "File watcher server" daemon [_thread_in_native, id=1608, stack(0x0000000025990000,0x0000000025a90000)]
  0x000000002031e3e0 JavaThread "File watcher consumer" daemon [_thread_blocked, id=10604, stack(0x0000000026ac0000,0x0000000026bc0000)]
  0x000000002031e8b0 JavaThread "Cache worker for checksums cache (D:\source-code\android-java\pestnet\.gradle\8.0\checksums)" [_thread_blocked, id=15536, stack(0x0000000024300000,0x0000000024400000)]
  0x000000002031ed80 JavaThread "Cache worker for cache directory md-rule (C:\Users\ADMIN\.gradle\caches\8.0\md-rule)" [_thread_blocked, id=19440, stack(0x00000000256e0000,0x00000000257e0000)]
  0x000000002031f250 JavaThread "Cache worker for file content cache (C:\Users\ADMIN\.gradle\caches\8.0\fileContent)" [_thread_blocked, id=19740, stack(0x0000000027400000,0x0000000027500000)]
  0x0000000021fa7530 JavaThread "Cache worker for file hash cache (D:\source-code\android-java\pestnet\.gradle\8.0\fileHashes)" [_thread_blocked, id=16400, stack(0x0000000027500000,0x0000000027600000)]
  0x0000000021faa080 JavaThread "Cache worker for cache directory md-supplier (C:\Users\ADMIN\.gradle\caches\8.0\md-supplier)" [_thread_blocked, id=17772, stack(0x0000000027600000,0x0000000027700000)]
  0x0000000021fa9bb0 JavaThread "Cache worker for execution history cache (C:\Users\ADMIN\.gradle\caches\8.0\executionHistory)" [_thread_blocked, id=4188, stack(0x0000000027700000,0x0000000027800000)]
  0x0000000021faa550 JavaThread "jar transforms" [_thread_blocked, id=7424, stack(0x0000000027bf0000,0x0000000027cf0000)]
  0x0000000021fad570 JavaThread "jar transforms Thread 2" [_thread_blocked, id=14812, stack(0x0000000027800000,0x0000000027900000)]
  0x0000000021fa7a00 JavaThread "Cache worker for kotlin-dsl (C:\Users\ADMIN\.gradle\caches\8.0\kotlin-dsl)" [_thread_blocked, id=5424, stack(0x0000000027a00000,0x0000000027b00000)]
  0x0000000021fae8b0 JavaThread "jar transforms Thread 3" [_thread_blocked, id=10948, stack(0x0000000027cf0000,0x0000000027df0000)]
  0x0000000021faaa20 JavaThread "jar transforms Thread 4" [_thread_blocked, id=11332, stack(0x0000000027df0000,0x0000000027ef0000)]
  0x0000000021fad0a0 JavaThread "Cache worker for dependencies-accessors (D:\source-code\android-java\pestnet\.gradle\8.0\dependencies-accessors)" [_thread_blocked, id=5868, stack(0x0000000027ef0000,0x0000000027ff0000)]
  0x0000000021fab3c0 JavaThread "Cache worker for Build Output Cleanup Cache (D:\source-code\android-java\pestnet\.gradle\buildOutputCleanup)" [_thread_blocked, id=13244, stack(0x0000000029fd0000,0x000000002a0d0000)]
  0x0000000021fa8d40 JavaThread "jar transforms Thread 5" [_thread_blocked, id=13972, stack(0x000000002a0d0000,0x000000002a1d0000)]
  0x0000000021fa96e0 JavaThread "Unconstrained build operations" [_thread_blocked, id=7988, stack(0x000000002a2d0000,0x000000002a3d0000)]
  0x0000000021fab890 JavaThread "Unconstrained build operations Thread 2" [_thread_blocked, id=17868, stack(0x000000002a3d0000,0x000000002a4d0000)]
  0x0000000021fabd60 JavaThread "Unconstrained build operations Thread 3" [_thread_blocked, id=6736, stack(0x000000002a4d0000,0x000000002a5d0000)]
  0x0000000021fac230 JavaThread "Unconstrained build operations Thread 4" [_thread_blocked, id=11824, stack(0x000000002a5d0000,0x000000002a6d0000)]
  0x0000000026232d80 JavaThread "Unconstrained build operations Thread 5" [_thread_blocked, id=1804, stack(0x000000002a6d0000,0x000000002a7d0000)]
  0x0000000026230230 JavaThread "Unconstrained build operations Thread 6" [_thread_blocked, id=5736, stack(0x000000002a7d0000,0x000000002a8d0000)]
  0x0000000026233720 JavaThread "Unconstrained build operations Thread 7" [_thread_blocked, id=16404, stack(0x000000002a8d0000,0x000000002a9d0000)]
  0x000000002622c870 JavaThread "Unconstrained build operations Thread 8" [_thread_blocked, id=20076, stack(0x000000002a9d0000,0x000000002aad0000)]
  0x00000000262323e0 JavaThread "Unconstrained build operations Thread 9" [_thread_blocked, id=7880, stack(0x000000002aad0000,0x000000002abd0000)]
  0x0000000026231a40 JavaThread "Unconstrained build operations Thread 10" [_thread_blocked, id=15408, stack(0x000000002c400000,0x000000002c500000)]
  0x0000000026230700 JavaThread "Unconstrained build operations Thread 11" [_thread_blocked, id=8036, stack(0x000000002c500000,0x000000002c600000)]
  0x0000000026233bf0 JavaThread "Unconstrained build operations Thread 12" [_thread_blocked, id=8012, stack(0x000000002c600000,0x000000002c700000)]
  0x000000002622f890 JavaThread "Unconstrained build operations Thread 13" [_thread_blocked, id=19944, stack(0x000000002c700000,0x000000002c800000)]
  0x0000000026233250 JavaThread "Unconstrained build operations Thread 14" [_thread_blocked, id=17368, stack(0x000000002c800000,0x000000002c900000)]
  0x000000002622e550 JavaThread "Unconstrained build operations Thread 15" [_thread_blocked, id=13636, stack(0x000000002c900000,0x000000002ca00000)]
  0x00000000262328b0 JavaThread "Unconstrained build operations Thread 16" [_thread_blocked, id=14300, stack(0x000000002ca00000,0x000000002cb00000)]
  0x000000002622e080 JavaThread "Unconstrained build operations Thread 17" [_thread_blocked, id=18836, stack(0x000000002cb00000,0x000000002cc00000)]
  0x000000002622f3c0 JavaThread "Unconstrained build operations Thread 18" [_thread_blocked, id=6824, stack(0x000000002cc00000,0x000000002cd00000)]
  0x000000002622cd40 JavaThread "Unconstrained build operations Thread 19" [_thread_blocked, id=18576, stack(0x000000002cd00000,0x000000002ce00000)]
  0x00000000262340c0 JavaThread "Unconstrained build operations Thread 20" [_thread_blocked, id=14272, stack(0x000000002ce00000,0x000000002cf00000)]
  0x00000000262310a0 JavaThread "Unconstrained build operations Thread 21" [_thread_blocked, id=6468, stack(0x000000002cf00000,0x000000002d000000)]
  0x000000002622ea20 JavaThread "Unconstrained build operations Thread 22" [_thread_blocked, id=18096, stack(0x000000002d000000,0x000000002d100000)]
  0x000000002622dbb0 JavaThread "Unconstrained build operations Thread 23" [_thread_blocked, id=9772, stack(0x000000002d100000,0x000000002d200000)]
  0x0000000026231570 JavaThread "Unconstrained build operations Thread 24" [_thread_blocked, id=14436, stack(0x000000002d200000,0x000000002d300000)]
  0x0000000026231f10 JavaThread "Unconstrained build operations Thread 25" [_thread_blocked, id=9484, stack(0x000000002d300000,0x000000002d400000)]
  0x000000002622eef0 JavaThread "Unconstrained build operations Thread 26" [_thread_blocked, id=3700, stack(0x000000002d400000,0x000000002d500000)]
  0x000000002622d210 JavaThread "Unconstrained build operations Thread 27" [_thread_blocked, id=5624, stack(0x000000002d500000,0x000000002d600000)]
  0x000000002622d6e0 JavaThread "Unconstrained build operations Thread 28" [_thread_blocked, id=17172, stack(0x000000002d600000,0x000000002d700000)]
  0x000000002622fd60 JavaThread "Unconstrained build operations Thread 29" [_thread_blocked, id=15500, stack(0x000000002d700000,0x000000002d800000)]
  0x0000000026230bd0 JavaThread "Unconstrained build operations Thread 30" [_thread_blocked, id=14676, stack(0x000000002d800000,0x000000002d900000)]
  0x000000002b517630 JavaThread "Unconstrained build operations Thread 31" [_thread_blocked, id=15224, stack(0x000000002d900000,0x000000002da00000)]
  0x000000002b517b00 JavaThread "Unconstrained build operations Thread 32" [_thread_blocked, id=13720, stack(0x000000002da00000,0x000000002db00000)]
  0x000000002b517fd0 JavaThread "Unconstrained build operations Thread 33" [_thread_blocked, id=16688, stack(0x000000002db00000,0x000000002dc00000)]
  0x000000002b51be60 JavaThread "Unconstrained build operations Thread 34" [_thread_blocked, id=15432, stack(0x000000002dc00000,0x000000002dd00000)]
  0x000000002b5197e0 JavaThread "Unconstrained build operations Thread 35" [_thread_blocked, id=19368, stack(0x000000002dd00000,0x000000002de00000)]
  0x000000002b517160 JavaThread "Unconstrained build operations Thread 36" [_thread_blocked, id=3544, stack(0x000000002de00000,0x000000002df00000)]
  0x000000002b51a650 JavaThread "Unconstrained build operations Thread 37" [_thread_blocked, id=18880, stack(0x000000002df00000,0x000000002e000000)]
  0x000000002b5184a0 JavaThread "Unconstrained build operations Thread 38" [_thread_blocked, id=12012, stack(0x000000002e000000,0x000000002e100000)]
  0x000000002b518e40 JavaThread "Unconstrained build operations Thread 39" [_thread_blocked, id=18204, stack(0x000000002e100000,0x000000002e200000)]
  0x000000002b51aff0 JavaThread "Unconstrained build operations Thread 40" [_thread_blocked, id=344, stack(0x000000002e200000,0x000000002e300000)]
  0x000000002b51b4c0 JavaThread "Unconstrained build operations Thread 41" [_thread_blocked, id=3068, stack(0x000000002e300000,0x000000002e400000)]
  0x000000002b51c800 JavaThread "Unconstrained build operations Thread 42" [_thread_blocked, id=18360, stack(0x000000002e400000,0x000000002e500000)]
  0x000000002b518970 JavaThread "Unconstrained build operations Thread 43" [_thread_blocked, id=15104, stack(0x000000002e500000,0x000000002e600000)]
  0x000000002b519310 JavaThread "Unconstrained build operations Thread 44" [_thread_blocked, id=3312, stack(0x000000002e600000,0x000000002e700000)]
  0x000000002b519cb0 JavaThread "Unconstrained build operations Thread 45" [_thread_blocked, id=19448, stack(0x000000002e700000,0x000000002e800000)]
  0x000000002b51b990 JavaThread "Unconstrained build operations Thread 46" [_thread_blocked, id=2208, stack(0x000000002e800000,0x000000002e900000)]
  0x000000002b51a180 JavaThread "Unconstrained build operations Thread 47" [_thread_blocked, id=4092, stack(0x000000002e900000,0x000000002ea00000)]
  0x000000002b51ab20 JavaThread "Unconstrained build operations Thread 48" [_thread_blocked, id=15544, stack(0x000000002ea00000,0x000000002eb00000)]
  0x000000002b51c330 JavaThread "Unconstrained build operations Thread 49" [_thread_blocked, id=19956, stack(0x000000002eb00000,0x000000002ec00000)]
  0x000000002b516c90 JavaThread "Unconstrained build operations Thread 50" [_thread_blocked, id=16352, stack(0x000000002ec00000,0x000000002ed00000)]
  0x000000002b51ccd0 JavaThread "Unconstrained build operations Thread 51" [_thread_blocked, id=6384, stack(0x000000002ed00000,0x000000002ee00000)]
  0x000000002b515950 JavaThread "Unconstrained build operations Thread 52" [_thread_blocked, id=16656, stack(0x000000002ee00000,0x000000002ef00000)]
  0x000000002b51d1a0 JavaThread "Unconstrained build operations Thread 53" [_thread_blocked, id=15184, stack(0x000000002ef00000,0x000000002f000000)]
  0x000000002b5167c0 JavaThread "Unconstrained build operations Thread 54" [_thread_blocked, id=20108, stack(0x000000002f000000,0x000000002f100000)]
  0x000000002b515e20 JavaThread "Unconstrained build operations Thread 55" [_thread_blocked, id=9444, stack(0x000000002f100000,0x000000002f200000)]
  0x000000002b5162f0 JavaThread "Unconstrained build operations Thread 56" [_thread_blocked, id=6012, stack(0x000000002f200000,0x000000002f300000)]
  0x00000000263f0770 JavaThread "Unconstrained build operations Thread 57" [_thread_blocked, id=19804, stack(0x000000002f300000,0x000000002f400000)]
  0x00000000263ed750 JavaThread "Unconstrained build operations Thread 58" [_thread_blocked, id=7368, stack(0x000000002f400000,0x000000002f500000)]
  0x00000000263f4ad0 JavaThread "Unconstrained build operations Thread 59" [_thread_blocked, id=19968, stack(0x000000002f500000,0x000000002f600000)]
  0x00000000263f1f80 JavaThread "Unconstrained build operations Thread 60" [_thread_blocked, id=18752, stack(0x000000002f600000,0x000000002f700000)]
  0x00000000263f1ab0 JavaThread "Unconstrained build operations Thread 61" [_thread_blocked, id=15524, stack(0x000000002f700000,0x000000002f800000)]
  0x00000000263ef430 JavaThread "Unconstrained build operations Thread 62" [_thread_blocked, id=19192, stack(0x000000002f800000,0x000000002f900000)]
  0x00000000263f0c40 JavaThread "Unconstrained build operations Thread 63" [_thread_blocked, id=19548, stack(0x000000002f900000,0x000000002fa00000)]
  0x00000000263f2920 JavaThread "Unconstrained build operations Thread 64" [_thread_blocked, id=16116, stack(0x000000002fa00000,0x000000002fb00000)]
  0x00000000263f1110 JavaThread "Unconstrained build operations Thread 65" [_thread_blocked, id=14364, stack(0x000000002fb00000,0x000000002fc00000)]
  0x00000000263ee5c0 JavaThread "Unconstrained build operations Thread 66" [_thread_blocked, id=14856, stack(0x000000002fc00000,0x000000002fd00000)]
  0x00000000263ef900 JavaThread "Unconstrained build operations Thread 67" [_thread_blocked, id=19828, stack(0x000000002fd00000,0x000000002fe00000)]
  0x00000000263ed280 JavaThread "Unconstrained build operations Thread 68" [_thread_blocked, id=6356, stack(0x000000002fe00000,0x000000002ff00000)]
  0x00000000263eea90 JavaThread "Unconstrained build operations Thread 69" [_thread_blocked, id=19584, stack(0x000000002ff00000,0x0000000030000000)]
  0x00000000263efdd0 JavaThread "Unconstrained build operations Thread 70" [_thread_blocked, id=2372, stack(0x0000000030000000,0x0000000030100000)]
  0x00000000263eef60 JavaThread "Unconstrained build operations Thread 71" [_thread_blocked, id=17020, stack(0x0000000030100000,0x0000000030200000)]
  0x00000000263f02a0 JavaThread "Unconstrained build operations Thread 72" [_thread_blocked, id=2576, stack(0x0000000030200000,0x0000000030300000)]
  0x00000000263f2df0 JavaThread "Unconstrained build operations Thread 73" [_thread_blocked, id=20388, stack(0x0000000030300000,0x0000000030400000)]
  0x00000000263edc20 JavaThread "Unconstrained build operations Thread 74" [_thread_blocked, id=11844, stack(0x0000000030400000,0x0000000030500000)]
  0x00000000263f3790 JavaThread "Unconstrained build operations Thread 75" [_thread_blocked, id=16776, stack(0x0000000030500000,0x0000000030600000)]
  0x00000000263f15e0 JavaThread "Unconstrained build operations Thread 76" [_thread_blocked, id=12728, stack(0x0000000030600000,0x0000000030700000)]
  0x00000000263f2450 JavaThread "Unconstrained build operations Thread 77" [_thread_blocked, id=8748, stack(0x0000000030700000,0x0000000030800000)]
  0x00000000263f32c0 JavaThread "Unconstrained build operations Thread 78" [_thread_blocked, id=15048, stack(0x0000000030800000,0x0000000030900000)]
  0x00000000263f3c60 JavaThread "Unconstrained build operations Thread 79" [_thread_blocked, id=18124, stack(0x0000000030900000,0x0000000030a00000)]
  0x00000000263f4130 JavaThread "Unconstrained build operations Thread 80" [_thread_blocked, id=16092, stack(0x0000000030a00000,0x0000000030b00000)]
  0x00000000263f4600 JavaThread "Unconstrained build operations Thread 81" [_thread_blocked, id=16284, stack(0x0000000030b00000,0x0000000030c00000)]
  0x00000000263ee0f0 JavaThread "Unconstrained build operations Thread 82" [_thread_blocked, id=5916, stack(0x0000000030c00000,0x0000000030d00000)]
  0x00000000267c81a0 JavaThread "Unconstrained build operations Thread 83" [_thread_blocked, id=3392, stack(0x0000000030d00000,0x0000000030e00000)]
  0x00000000267ce1e0 JavaThread "Unconstrained build operations Thread 84" [_thread_blocked, id=17680, stack(0x0000000030e00000,0x0000000030f00000)]
  0x00000000267c8670 JavaThread "Unconstrained build operations Thread 85" [_thread_blocked, id=15292, stack(0x0000000030f00000,0x0000000031000000)]
  0x00000000267c99b0 JavaThread "Unconstrained build operations Thread 86" [_thread_blocked, id=4644, stack(0x0000000031000000,0x0000000031100000)]
  0x00000000267cd840 JavaThread "Unconstrained build operations Thread 87" [_thread_blocked, id=20100, stack(0x0000000031100000,0x0000000031200000)]
  0x00000000267c7330 JavaThread "Unconstrained build operations Thread 88" [_thread_blocked, id=12924, stack(0x0000000031200000,0x0000000031300000)]
  0x00000000267c7800 JavaThread "Unconstrained build operations Thread 89" [_thread_blocked, id=17764, stack(0x0000000031300000,0x0000000031400000)]
  0x00000000267cc500 JavaThread "Unconstrained build operations Thread 90" [_thread_blocked, id=18952, stack(0x0000000031400000,0x0000000031500000)]
  0x00000000267c6e60 JavaThread "Unconstrained build operations Thread 91" [_thread_blocked, id=8092, stack(0x0000000031500000,0x0000000031600000)]
  0x00000000267c7cd0 JavaThread "Unconstrained build operations Thread 92" [_thread_blocked, id=1932, stack(0x0000000031600000,0x0000000031700000)]
  0x00000000267c8b40 JavaThread "Unconstrained build operations Thread 93" [_thread_blocked, id=16412, stack(0x0000000031700000,0x0000000031800000)]
  0x00000000267c9010 JavaThread "Unconstrained build operations Thread 94" [_thread_blocked, id=16332, stack(0x0000000031800000,0x0000000031900000)]
  0x00000000267cc030 JavaThread "Unconstrained build operations Thread 95" [_thread_blocked, id=4356, stack(0x0000000031900000,0x0000000031a00000)]
  0x00000000267c94e0 JavaThread "Unconstrained build operations Thread 96" [_thread_blocked, id=20300, stack(0x0000000031a00000,0x0000000031b00000)]
  0x00000000267c9e80 JavaThread "Unconstrained build operations Thread 97" [_thread_blocked, id=7264, stack(0x0000000031b00000,0x0000000031c00000)]
  0x00000000267cacf0 JavaThread "Unconstrained build operations Thread 98" [_thread_blocked, id=9832, stack(0x0000000031c00000,0x0000000031d00000)]
  0x00000000267ca350 JavaThread "Unconstrained build operations Thread 99" [_thread_blocked, id=3796, stack(0x0000000031d00000,0x0000000031e00000)]
  0x00000000267ca820 JavaThread "Unconstrained build operations Thread 100" [_thread_blocked, id=8728, stack(0x0000000031e00000,0x0000000031f00000)]
  0x00000000267cb1c0 JavaThread "Unconstrained build operations Thread 101" [_thread_blocked, id=20424, stack(0x0000000031f00000,0x0000000032000000)]
  0x00000000267cc9d0 JavaThread "Unconstrained build operations Thread 102" [_thread_blocked, id=16636, stack(0x0000000032000000,0x0000000032100000)]
  0x00000000267cb690 JavaThread "Unconstrained build operations Thread 103" [_thread_blocked, id=4588, stack(0x0000000032100000,0x0000000032200000)]
  0x00000000267cbb60 JavaThread "Unconstrained build operations Thread 104" [_thread_blocked, id=16048, stack(0x0000000032200000,0x0000000032300000)]
  0x00000000267cd370 JavaThread "Unconstrained build operations Thread 105" [_thread_blocked, id=12192, stack(0x0000000032300000,0x0000000032400000)]
  0x00000000267ccea0 JavaThread "Unconstrained build operations Thread 106" [_thread_blocked, id=17736, stack(0x0000000032400000,0x0000000032500000)]
  0x00000000267cdd10 JavaThread "Unconstrained build operations Thread 107" [_thread_blocked, id=4268, stack(0x0000000032500000,0x0000000032600000)]
  0x00000000296bd330 JavaThread "Unconstrained build operations Thread 108" [_thread_blocked, id=17932, stack(0x0000000032600000,0x0000000032700000)]
  0x00000000296bc990 JavaThread "Unconstrained build operations Thread 109" [_thread_blocked, id=13516, stack(0x0000000032700000,0x0000000032800000)]
  0x00000000296bce60 JavaThread "Unconstrained build operations Thread 110" [_thread_blocked, id=12004, stack(0x0000000032800000,0x0000000032900000)]
  0x00000000296bd800 JavaThread "Unconstrained build operations Thread 111" [_thread_blocked, id=9024, stack(0x0000000032900000,0x0000000032a00000)]
  0x00000000296b94a0 JavaThread "Unconstrained build operations Thread 112" [_thread_blocked, id=19892, stack(0x0000000032a00000,0x0000000032b00000)]
  0x00000000296bc4c0 JavaThread "Unconstrained build operations Thread 113" [_thread_blocked, id=3880, stack(0x0000000032b00000,0x0000000032c00000)]
  0x00000000296b9970 JavaThread "Unconstrained build operations Thread 114" [_thread_blocked, id=4332, stack(0x0000000032c00000,0x0000000032d00000)]
  0x00000000296bdcd0 JavaThread "Unconstrained build operations Thread 115" [_thread_blocked, id=12464, stack(0x0000000032d00000,0x0000000032e00000)]
  0x00000000296be670 JavaThread "Unconstrained build operations Thread 116" [_thread_blocked, id=17972, stack(0x0000000032e00000,0x0000000032f00000)]
  0x00000000296b8630 JavaThread "Unconstrained build operations Thread 117" [_thread_blocked, id=14600, stack(0x0000000032f00000,0x0000000033000000)]
  0x00000000296b7c90 JavaThread "Unconstrained build operations Thread 118" [_thread_blocked, id=17788, stack(0x0000000033000000,0x0000000033100000)]
  0x00000000296b9e40 JavaThread "Unconstrained build operations Thread 119" [_thread_blocked, id=15296, stack(0x0000000033100000,0x0000000033200000)]
  0x00000000296be1a0 JavaThread "Unconstrained build operations Thread 120" [_thread_blocked, id=19060, stack(0x0000000033200000,0x0000000033300000)]
  0x00000000296b8160 JavaThread "jar transforms Thread 6" [_thread_blocked, id=19612, stack(0x0000000033300000,0x0000000033400000)]
  0x00000000296ba310 JavaThread "jar transforms Thread 7" [_thread_blocked, id=10536, stack(0x0000000033400000,0x0000000033500000)]
  0x00000000296beb40 JavaThread "jar transforms Thread 8" [_thread_blocked, id=12876, stack(0x0000000033500000,0x0000000033600000)]
  0x00000000296bbb20 JavaThread "jar transforms Thread 9" [_thread_blocked, id=17916, stack(0x0000000033600000,0x0000000033700000)]
  0x00000000296b72f0 JavaThread "jar transforms Thread 10" [_thread_blocked, id=20128, stack(0x0000000033700000,0x0000000033800000)]
  0x00000000296bacb0 JavaThread "jar transforms Thread 11" [_thread_blocked, id=10076, stack(0x0000000033800000,0x0000000033900000)]
  0x00000000296b77c0 JavaThread "jar transforms Thread 12" [_thread_blocked, id=5228, stack(0x0000000033900000,0x0000000033a00000)]
  0x0000000025fb4580 JavaThread "C2 CompilerThread1" daemon [_thread_blocked, id=19620, stack(0x0000000024200000,0x0000000024300000)]
  0x00000000296b8b00 JavaThread "build event listener" [_thread_blocked, id=5344, stack(0x00000000257e0000,0x00000000258e0000)]
  0x0000000025fb59c0 JavaThread "C2 CompilerThread2" daemon [_thread_in_native, id=4632, stack(0x00000000358f0000,0x00000000359f0000)]
  0x00000000296b8fd0 JavaThread "Memory manager" [_thread_blocked, id=19244, stack(0x00000000349d0000,0x0000000034ad0000)]

Other Threads:
  0x000000001d106520 VMThread "VM Thread" [stack: 0x000000001e000000,0x000000001e100000] [id=9272]
  0x000000001de59f40 WatcherThread [stack: 0x000000001ed10000,0x000000001ee10000] [id=18160]
  0x0000000002bc1850 GCTaskThread "GC Thread#0" [stack: 0x000000001a180000,0x000000001a280000] [id=4592]
  0x000000001f2f95f0 GCTaskThread "GC Thread#1" [stack: 0x00000000206e0000,0x00000000207e0000] [id=11704]
  0x000000001f81f700 GCTaskThread "GC Thread#2" [stack: 0x0000000021000000,0x0000000021100000] [id=14052]
  0x000000001f81f9b0 GCTaskThread "GC Thread#3" [stack: 0x0000000021100000,0x0000000021200000] [id=5528]
  0x000000001f9c1230 GCTaskThread "GC Thread#4" [stack: 0x0000000021200000,0x0000000021300000] [id=16104]
  0x00000000204a6ef0 GCTaskThread "GC Thread#5" [stack: 0x0000000023a00000,0x0000000023b00000] [id=16392]
  0x0000000021c13d90 GCTaskThread "GC Thread#6" [stack: 0x0000000023b00000,0x0000000023c00000] [id=3684]
  0x0000000021d0f4b0 GCTaskThread "GC Thread#7" [stack: 0x0000000023c00000,0x0000000023d00000] [id=10820]
  0x0000000021e5fe10 GCTaskThread "GC Thread#8" [stack: 0x0000000023d00000,0x0000000023e00000] [id=19404]
  0x0000000021e5f0a0 GCTaskThread "GC Thread#9" [stack: 0x0000000023e00000,0x0000000023f00000] [id=16844]
  0x0000000002bd2790 ConcurrentGCThread "G1 Main Marker" [stack: 0x000000001a280000,0x000000001a380000] [id=20152]
  0x0000000002bd3940 ConcurrentGCThread "G1 Conc#0" [stack: 0x000000001a380000,0x000000001a480000] [id=18648]
  0x0000000021e5edf0 ConcurrentGCThread "G1 Conc#1" [stack: 0x0000000023f00000,0x0000000024000000] [id=3240]
  0x0000000021e5fb60 ConcurrentGCThread "G1 Conc#2" [stack: 0x0000000024000000,0x0000000024100000] [id=9808]
  0x000000001cfb95c0 ConcurrentGCThread "G1 Refine#0" [stack: 0x000000001d120000,0x000000001d220000] [id=11384]
  0x00000000220a4e80 ConcurrentGCThread "G1 Refine#1" [stack: 0x0000000027900000,0x0000000027a00000] [id=19900]
  0x0000000002c1e310 ConcurrentGCThread "G1 Service" [stack: 0x000000001d220000,0x000000001d320000] [id=19012]

Threads with active compile tasks:
C2 CompilerThread0     8748 7485 %     4       org.gradle.internal.instantiation.generator.AbstractClassGenerator::inspectType @ 107 (560 bytes)
C2 CompilerThread2     8748 7600       4       org.objectweb.asm.Type::getMethodDescriptor (66 bytes)

VM state: not at safepoint (normal execution)

VM Mutex/Monitor currently owned by a thread: None

Heap address: 0x0000000080000000, size: 2048 MB, Compressed Oops mode: 32-bit

CDS archive(s) not mapped
Compressed class space mapped at: 0x0000000100000000-0x0000000140000000, reserved size: 1073741824
Narrow klass base: 0x0000000000000000, Narrow klass shift: 3, Narrow klass range: 0x140000000

GC Precious Log:
 CPUs: 12 total, 12 available
 Memory: 15754M
 Large Page Support: Disabled
 NUMA Support: Disabled
 Compressed Oops: Enabled (32-bit)
 Heap Region Size: 1M
 Heap Min Capacity: 8M
 Heap Initial Capacity: 248M
 Heap Max Capacity: 2G
 Pre-touch: Disabled
 Parallel Workers: 10
 Concurrent Workers: 3
 Concurrent Refinement Workers: 10
 Periodic GC: Disabled

Heap:
 garbage-first heap   total 165888K, used 95454K [0x0000000080000000, 0x0000000100000000)
  region size 1024K, 35 young (35840K), 3 survivors (3072K)
 Metaspace       used 75241K, committed 75840K, reserved 1122304K
  class space    used 9968K, committed 10240K, reserved 1048576K

Heap Regions: E=young(eden), S=young(survivor), O=old, HS=humongous(starts), HC=humongous(continues), CS=collection set, F=free, OA=open archive, CA=closed archive, TAMS=top-at-mark-start (previous, next)
|   0|0x0000000080000000, 0x0000000080100000, 0x0000000080100000|100%|HS|  |TAMS 0x0000000080100000, 0x0000000080000000| Complete 
|   1|0x0000000080100000, 0x0000000080200000, 0x0000000080200000|100%|HC|  |TAMS 0x0000000080200000, 0x0000000080100000| Complete 
|   2|0x0000000080200000, 0x0000000080300000, 0x0000000080300000|100%|HC|  |TAMS 0x0000000080300000, 0x0000000080200000| Complete 
|   3|0x0000000080300000, 0x0000000080400000, 0x0000000080400000|100%|HC|  |TAMS 0x0000000080400000, 0x0000000080300000| Complete 
|   4|0x0000000080400000, 0x0000000080500000, 0x0000000080500000|100%| O|  |TAMS 0x0000000080500000, 0x0000000080400000| Untracked 
|   5|0x0000000080500000, 0x0000000080600000, 0x0000000080600000|100%| O|  |TAMS 0x0000000080600000, 0x0000000080500000| Untracked 
|   6|0x0000000080600000, 0x0000000080700000, 0x0000000080700000|100%| O|  |TAMS 0x0000000080700000, 0x0000000080600000| Untracked 
|   7|0x0000000080700000, 0x0000000080800000, 0x0000000080800000|100%| O|  |TAMS 0x0000000080800000, 0x0000000080700000| Untracked 
|   8|0x0000000080800000, 0x0000000080900000, 0x0000000080900000|100%| O|  |TAMS 0x0000000080900000, 0x0000000080800000| Untracked 
|   9|0x0000000080900000, 0x0000000080a00000, 0x0000000080a00000|100%| O|  |TAMS 0x0000000080a00000, 0x0000000080900000| Untracked 
|  10|0x0000000080a00000, 0x0000000080b00000, 0x0000000080b00000|100%| O|  |TAMS 0x0000000080b00000, 0x0000000080a00000| Untracked 
|  11|0x0000000080b00000, 0x0000000080c00000, 0x0000000080c00000|100%| O|  |TAMS 0x0000000080c00000, 0x0000000080b00000| Untracked 
|  12|0x0000000080c00000, 0x0000000080d00000, 0x0000000080d00000|100%| O|  |TAMS 0x0000000080d00000, 0x0000000080c00000| Untracked 
|  13|0x0000000080d00000, 0x0000000080e00000, 0x0000000080e00000|100%| O|  |TAMS 0x0000000080e00000, 0x0000000080d00000| Untracked 
|  14|0x0000000080e00000, 0x0000000080f00000, 0x0000000080f00000|100%| O|  |TAMS 0x0000000080f00000, 0x0000000080e00000| Untracked 
|  15|0x0000000080f00000, 0x0000000081000000, 0x0000000081000000|100%| O|  |TAMS 0x0000000081000000, 0x0000000080f00000| Untracked 
|  16|0x0000000081000000, 0x0000000081100000, 0x0000000081100000|100%| O|  |TAMS 0x0000000081100000, 0x0000000081000000| Untracked 
|  17|0x0000000081100000, 0x0000000081200000, 0x0000000081200000|100%| O|  |TAMS 0x0000000081200000, 0x0000000081100000| Untracked 
|  18|0x0000000081200000, 0x0000000081300000, 0x0000000081300000|100%| O|  |TAMS 0x0000000081300000, 0x0000000081200000| Untracked 
|  19|0x0000000081300000, 0x0000000081400000, 0x0000000081400000|100%| O|  |TAMS 0x0000000081400000, 0x0000000081300000| Untracked 
|  20|0x0000000081400000, 0x0000000081500000, 0x0000000081500000|100%| O|  |TAMS 0x0000000081500000, 0x0000000081400000| Untracked 
|  21|0x0000000081500000, 0x0000000081600000, 0x0000000081600000|100%| O|  |TAMS 0x0000000081600000, 0x0000000081500000| Untracked 
|  22|0x0000000081600000, 0x0000000081700000, 0x0000000081700000|100%| O|  |TAMS 0x0000000081700000, 0x0000000081600000| Untracked 
|  23|0x0000000081700000, 0x0000000081700000, 0x0000000081800000|  0%| F|  |TAMS 0x0000000081700000, 0x0000000081700000| Untracked 
|  24|0x0000000081800000, 0x0000000081900000, 0x0000000081900000|100%| O|  |TAMS 0x0000000081900000, 0x0000000081800000| Untracked 
|  25|0x0000000081900000, 0x0000000081a00000, 0x0000000081a00000|100%| O|  |TAMS 0x0000000081a00000, 0x0000000081900000| Untracked 
|  26|0x0000000081a00000, 0x0000000081b00000, 0x0000000081b00000|100%| O|  |TAMS 0x0000000081b00000, 0x0000000081a00000| Complete 
|  27|0x0000000081b00000, 0x0000000081c00000, 0x0000000081c00000|100%| O|  |TAMS 0x0000000081c00000, 0x0000000081b00000| Untracked 
|  28|0x0000000081c00000, 0x0000000081d00000, 0x0000000081d00000|100%| O|  |TAMS 0x0000000081d00000, 0x0000000081c00000| Untracked 
|  29|0x0000000081d00000, 0x0000000081e00000, 0x0000000081e00000|100%| O|  |TAMS 0x0000000081e00000, 0x0000000081d00000| Untracked 
|  30|0x0000000081e00000, 0x0000000081f00000, 0x0000000081f00000|100%| O|  |TAMS 0x0000000081f00000, 0x0000000081e00000| Untracked 
|  31|0x0000000081f00000, 0x0000000082000000, 0x0000000082000000|100%| O|  |TAMS 0x0000000082000000, 0x0000000081f00000| Untracked 
|  32|0x0000000082000000, 0x0000000082100000, 0x0000000082100000|100%| O|  |TAMS 0x0000000082100000, 0x0000000082000000| Untracked 
|  33|0x0000000082100000, 0x0000000082200000, 0x0000000082200000|100%| O|  |TAMS 0x0000000082200000, 0x0000000082100000| Untracked 
|  34|0x0000000082200000, 0x0000000082300000, 0x0000000082300000|100%| O|  |TAMS 0x0000000082300000, 0x0000000082200000| Untracked 
|  35|0x0000000082300000, 0x0000000082400000, 0x0000000082400000|100%| O|  |TAMS 0x0000000082400000, 0x0000000082300000| Untracked 
|  36|0x0000000082400000, 0x0000000082500000, 0x0000000082500000|100%| O|  |TAMS 0x0000000082500000, 0x0000000082400000| Untracked 
|  37|0x0000000082500000, 0x0000000082600000, 0x0000000082600000|100%| O|  |TAMS 0x0000000082600000, 0x0000000082500000| Untracked 
|  38|0x0000000082600000, 0x0000000082700000, 0x0000000082700000|100%| O|  |TAMS 0x0000000082700000, 0x0000000082600000| Untracked 
|  39|0x0000000082700000, 0x0000000082800000, 0x0000000082800000|100%| O|  |TAMS 0x0000000082800000, 0x0000000082700000| Untracked 
|  40|0x0000000082800000, 0x0000000082900000, 0x0000000082900000|100%| O|  |TAMS 0x0000000082900000, 0x0000000082800000| Untracked 
|  41|0x0000000082900000, 0x0000000082a00000, 0x0000000082a00000|100%| O|  |TAMS 0x0000000082a00000, 0x0000000082900000| Untracked 
|  42|0x0000000082a00000, 0x0000000082b00000, 0x0000000082b00000|100%|HS|  |TAMS 0x0000000082b00000, 0x0000000082a00000| Complete 
|  43|0x0000000082b00000, 0x0000000082c00000, 0x0000000082c00000|100%|HC|  |TAMS 0x0000000082c00000, 0x0000000082b00000| Complete 
|  44|0x0000000082c00000, 0x0000000082d00000, 0x0000000082d00000|100%|HS|  |TAMS 0x0000000082d00000, 0x0000000082c00000| Complete 
|  45|0x0000000082d00000, 0x0000000082e00000, 0x0000000082e00000|100%|HS|  |TAMS 0x0000000082e00000, 0x0000000082d00000| Complete 
|  46|0x0000000082e00000, 0x0000000082f00000, 0x0000000082f00000|100%|HS|  |TAMS 0x0000000082f00000, 0x0000000082e00000| Complete 
|  47|0x0000000082f00000, 0x0000000083000000, 0x0000000083000000|100%|HC|  |TAMS 0x0000000083000000, 0x0000000082f00000| Complete 
|  48|0x0000000083000000, 0x0000000083100000, 0x0000000083100000|100%|HC|  |TAMS 0x0000000083100000, 0x0000000083000000| Complete 
|  49|0x0000000083100000, 0x0000000083200000, 0x0000000083200000|100%|HC|  |TAMS 0x0000000083200000, 0x0000000083100000| Complete 
|  50|0x0000000083200000, 0x0000000083300000, 0x0000000083300000|100%|HS|  |TAMS 0x0000000083300000, 0x0000000083200000| Complete 
|  51|0x0000000083300000, 0x0000000083400000, 0x0000000083400000|100%| O|  |TAMS 0x0000000083400000, 0x0000000083300000| Untracked 
|  52|0x0000000083400000, 0x0000000083500000, 0x0000000083500000|100%| O|  |TAMS 0x0000000083500000, 0x0000000083400000| Untracked 
|  53|0x0000000083500000, 0x0000000083600000, 0x0000000083600000|100%| O|  |TAMS 0x0000000083600000, 0x0000000083500000| Untracked 
|  54|0x0000000083600000, 0x0000000083700000, 0x0000000083700000|100%| O|  |TAMS 0x0000000083700000, 0x0000000083600000| Untracked 
|  55|0x0000000083700000, 0x0000000083800000, 0x0000000083800000|100%| O|  |TAMS 0x0000000083800000, 0x0000000083700000| Untracked 
|  56|0x0000000083800000, 0x0000000083900000, 0x0000000083900000|100%| O|  |TAMS 0x0000000083900000, 0x0000000083800000| Untracked 
|  57|0x0000000083900000, 0x0000000083a00000, 0x0000000083a00000|100%| O|  |TAMS 0x0000000083a00000, 0x0000000083900000| Untracked 
|  58|0x0000000083a00000, 0x0000000083b00000, 0x0000000083b00000|100%| O|  |TAMS 0x0000000083b00000, 0x0000000083a00000| Untracked 
|  59|0x0000000083b00000, 0x0000000083c00000, 0x0000000083c00000|100%| O|  |TAMS 0x0000000083bde600, 0x0000000083b00000| Untracked 
|  60|0x0000000083c00000, 0x0000000083c00000, 0x0000000083d00000|  0%| F|  |TAMS 0x0000000083c00000, 0x0000000083c00000| Untracked 
|  61|0x0000000083d00000, 0x0000000083d00000, 0x0000000083e00000|  0%| F|  |TAMS 0x0000000083d00000, 0x0000000083d00000| Untracked 
|  62|0x0000000083e00000, 0x0000000083e00000, 0x0000000083f00000|  0%| F|  |TAMS 0x0000000083e00000, 0x0000000083e00000| Untracked 
|  63|0x0000000083f00000, 0x0000000083f00000, 0x0000000084000000|  0%| F|  |TAMS 0x0000000083f00000, 0x0000000083f00000| Untracked 
|  64|0x0000000084000000, 0x0000000084000000, 0x0000000084100000|  0%| F|  |TAMS 0x0000000084000000, 0x0000000084000000| Untracked 
|  65|0x0000000084100000, 0x0000000084137800, 0x0000000084200000| 21%| O|  |TAMS 0x0000000084100000, 0x0000000084100000| Untracked 
|  66|0x0000000084200000, 0x0000000084200000, 0x0000000084300000|  0%| F|  |TAMS 0x0000000084200000, 0x0000000084200000| Untracked 
|  67|0x0000000084300000, 0x0000000084300000, 0x0000000084400000|  0%| F|  |TAMS 0x0000000084300000, 0x0000000084300000| Untracked 
|  68|0x0000000084400000, 0x0000000084400000, 0x0000000084500000|  0%| F|  |TAMS 0x0000000084400000, 0x0000000084400000| Untracked 
|  69|0x0000000084500000, 0x0000000084500000, 0x0000000084600000|  0%| F|  |TAMS 0x0000000084500000, 0x0000000084500000| Untracked 
|  70|0x0000000084600000, 0x0000000084600000, 0x0000000084700000|  0%| F|  |TAMS 0x0000000084600000, 0x0000000084600000| Untracked 
|  71|0x0000000084700000, 0x0000000084700000, 0x0000000084800000|  0%| F|  |TAMS 0x0000000084700000, 0x0000000084700000| Untracked 
|  72|0x0000000084800000, 0x0000000084800000, 0x0000000084900000|  0%| F|  |TAMS 0x0000000084800000, 0x0000000084800000| Untracked 
|  73|0x0000000084900000, 0x0000000084900000, 0x0000000084a00000|  0%| F|  |TAMS 0x0000000084900000, 0x0000000084900000| Untracked 
|  74|0x0000000084a00000, 0x0000000084a00000, 0x0000000084b00000|  0%| F|  |TAMS 0x0000000084a00000, 0x0000000084a00000| Untracked 
|  75|0x0000000084b00000, 0x0000000084b00000, 0x0000000084c00000|  0%| F|  |TAMS 0x0000000084b00000, 0x0000000084b00000| Untracked 
|  76|0x0000000084c00000, 0x0000000084c00000, 0x0000000084d00000|  0%| F|  |TAMS 0x0000000084c00000, 0x0000000084c00000| Untracked 
|  77|0x0000000084d00000, 0x0000000084d00000, 0x0000000084e00000|  0%| F|  |TAMS 0x0000000084d00000, 0x0000000084d00000| Untracked 
|  78|0x0000000084e00000, 0x0000000084f00000, 0x0000000084f00000|100%| S|CS|TAMS 0x0000000084e00000, 0x0000000084e00000| Complete 
|  79|0x0000000084f00000, 0x0000000085000000, 0x0000000085000000|100%| S|CS|TAMS 0x0000000084f00000, 0x0000000084f00000| Complete 
|  80|0x0000000085000000, 0x0000000085100000, 0x0000000085100000|100%| S|CS|TAMS 0x0000000085000000, 0x0000000085000000| Complete 
|  81|0x0000000085100000, 0x0000000085100000, 0x0000000085200000|  0%| F|  |TAMS 0x0000000085100000, 0x0000000085100000| Untracked 
|  82|0x0000000085200000, 0x0000000085200000, 0x0000000085300000|  0%| F|  |TAMS 0x0000000085200000, 0x0000000085200000| Untracked 
|  83|0x0000000085300000, 0x0000000085300000, 0x0000000085400000|  0%| F|  |TAMS 0x0000000085300000, 0x0000000085300000| Untracked 
|  84|0x0000000085400000, 0x0000000085400000, 0x0000000085500000|  0%| F|  |TAMS 0x0000000085400000, 0x0000000085400000| Untracked 
|  85|0x0000000085500000, 0x0000000085500000, 0x0000000085600000|  0%| F|  |TAMS 0x0000000085500000, 0x0000000085500000| Untracked 
|  86|0x0000000085600000, 0x0000000085600000, 0x0000000085700000|  0%| F|  |TAMS 0x0000000085600000, 0x0000000085600000| Untracked 
|  87|0x0000000085700000, 0x0000000085700000, 0x0000000085800000|  0%| F|  |TAMS 0x0000000085700000, 0x0000000085700000| Untracked 
|  88|0x0000000085800000, 0x0000000085800000, 0x0000000085900000|  0%| F|  |TAMS 0x0000000085800000, 0x0000000085800000| Untracked 
|  89|0x0000000085900000, 0x0000000085900000, 0x0000000085a00000|  0%| F|  |TAMS 0x0000000085900000, 0x0000000085900000| Untracked 
|  90|0x0000000085a00000, 0x0000000085a00000, 0x0000000085b00000|  0%| F|  |TAMS 0x0000000085a00000, 0x0000000085a00000| Untracked 
|  91|0x0000000085b00000, 0x0000000085b00000, 0x0000000085c00000|  0%| F|  |TAMS 0x0000000085b00000, 0x0000000085b00000| Untracked 
|  92|0x0000000085c00000, 0x0000000085c00000, 0x0000000085d00000|  0%| F|  |TAMS 0x0000000085c00000, 0x0000000085c00000| Untracked 
|  93|0x0000000085d00000, 0x0000000085d00000, 0x0000000085e00000|  0%| F|  |TAMS 0x0000000085d00000, 0x0000000085d00000| Untracked 
|  94|0x0000000085e00000, 0x0000000085e00000, 0x0000000085f00000|  0%| F|  |TAMS 0x0000000085e00000, 0x0000000085e00000| Untracked 
|  95|0x0000000085f00000, 0x0000000085f00000, 0x0000000086000000|  0%| F|  |TAMS 0x0000000085f00000, 0x0000000085f00000| Untracked 
|  96|0x0000000086000000, 0x0000000086000000, 0x0000000086100000|  0%| F|  |TAMS 0x0000000086000000, 0x0000000086000000| Untracked 
|  97|0x0000000086100000, 0x0000000086100000, 0x0000000086200000|  0%| F|  |TAMS 0x0000000086100000, 0x0000000086100000| Untracked 
|  98|0x0000000086200000, 0x0000000086200000, 0x0000000086300000|  0%| F|  |TAMS 0x0000000086200000, 0x0000000086200000| Untracked 
|  99|0x0000000086300000, 0x0000000086300000, 0x0000000086400000|  0%| F|  |TAMS 0x0000000086300000, 0x0000000086300000| Untracked 
| 100|0x0000000086400000, 0x0000000086400000, 0x0000000086500000|  0%| F|  |TAMS 0x0000000086400000, 0x0000000086400000| Untracked 
| 101|0x0000000086500000, 0x0000000086500000, 0x0000000086600000|  0%| F|  |TAMS 0x0000000086500000, 0x0000000086500000| Untracked 
| 102|0x0000000086600000, 0x0000000086600000, 0x0000000086700000|  0%| F|  |TAMS 0x0000000086600000, 0x0000000086600000| Untracked 
| 103|0x0000000086700000, 0x0000000086700000, 0x0000000086800000|  0%| F|  |TAMS 0x0000000086700000, 0x0000000086700000| Untracked 
| 104|0x0000000086800000, 0x0000000086800000, 0x0000000086900000|  0%| F|  |TAMS 0x0000000086800000, 0x0000000086800000| Untracked 
| 105|0x0000000086900000, 0x0000000086900000, 0x0000000086a00000|  0%| F|  |TAMS 0x0000000086900000, 0x0000000086900000| Untracked 
| 106|0x0000000086a00000, 0x0000000086a00000, 0x0000000086b00000|  0%| F|  |TAMS 0x0000000086a00000, 0x0000000086a00000| Untracked 
| 107|0x0000000086b00000, 0x0000000086b00000, 0x0000000086c00000|  0%| F|  |TAMS 0x0000000086b00000, 0x0000000086b00000| Untracked 
| 108|0x0000000086c00000, 0x0000000086c00000, 0x0000000086d00000|  0%| F|  |TAMS 0x0000000086c00000, 0x0000000086c00000| Untracked 
| 109|0x0000000086d00000, 0x0000000086d00000, 0x0000000086e00000|  0%| F|  |TAMS 0x0000000086d00000, 0x0000000086d00000| Untracked 
| 110|0x0000000086e00000, 0x0000000086e00000, 0x0000000086f00000|  0%| F|  |TAMS 0x0000000086e00000, 0x0000000086e00000| Untracked 
| 111|0x0000000086f00000, 0x0000000086f00000, 0x0000000087000000|  0%| F|  |TAMS 0x0000000086f00000, 0x0000000086f00000| Untracked 
| 112|0x0000000087000000, 0x0000000087000000, 0x0000000087100000|  0%| F|  |TAMS 0x0000000087000000, 0x0000000087000000| Untracked 
| 113|0x0000000087100000, 0x0000000087100000, 0x0000000087200000|  0%| F|  |TAMS 0x0000000087100000, 0x0000000087100000| Untracked 
| 114|0x0000000087200000, 0x0000000087200000, 0x0000000087300000|  0%| F|  |TAMS 0x0000000087200000, 0x0000000087200000| Untracked 
| 115|0x0000000087300000, 0x0000000087300000, 0x0000000087400000|  0%| F|  |TAMS 0x0000000087300000, 0x0000000087300000| Untracked 
| 116|0x0000000087400000, 0x0000000087400000, 0x0000000087500000|  0%| F|  |TAMS 0x0000000087400000, 0x0000000087400000| Untracked 
| 117|0x0000000087500000, 0x0000000087500000, 0x0000000087600000|  0%| F|  |TAMS 0x0000000087500000, 0x0000000087500000| Untracked 
| 118|0x0000000087600000, 0x0000000087600000, 0x0000000087700000|  0%| F|  |TAMS 0x0000000087600000, 0x0000000087600000| Untracked 
| 119|0x0000000087700000, 0x0000000087700000, 0x0000000087800000|  0%| F|  |TAMS 0x0000000087700000, 0x0000000087700000| Untracked 
| 120|0x0000000087800000, 0x0000000087800000, 0x0000000087900000|  0%| F|  |TAMS 0x0000000087800000, 0x0000000087800000| Untracked 
| 121|0x0000000087900000, 0x0000000087900000, 0x0000000087a00000|  0%| F|  |TAMS 0x0000000087900000, 0x0000000087900000| Untracked 
| 122|0x0000000087a00000, 0x0000000087a00000, 0x0000000087b00000|  0%| F|  |TAMS 0x0000000087a00000, 0x0000000087a00000| Untracked 
| 123|0x0000000087b00000, 0x0000000087b00000, 0x0000000087c00000|  0%| F|  |TAMS 0x0000000087b00000, 0x0000000087b00000| Untracked 
| 124|0x0000000087c00000, 0x0000000087c00000, 0x0000000087d00000|  0%| F|  |TAMS 0x0000000087c00000, 0x0000000087c00000| Untracked 
| 125|0x0000000087d00000, 0x0000000087d00000, 0x0000000087e00000|  0%| F|  |TAMS 0x0000000087d00000, 0x0000000087d00000| Untracked 
| 126|0x0000000087e00000, 0x0000000087e00000, 0x0000000087f00000|  0%| F|  |TAMS 0x0000000087e00000, 0x0000000087e00000| Untracked 
| 127|0x0000000087f00000, 0x0000000087f00000, 0x0000000088000000|  0%| F|  |TAMS 0x0000000087f00000, 0x0000000087f00000| Untracked 
| 128|0x0000000088000000, 0x0000000088000000, 0x0000000088100000|  0%| F|  |TAMS 0x0000000088000000, 0x0000000088000000| Untracked 
| 129|0x0000000088100000, 0x0000000088180800, 0x0000000088200000| 50%| E|  |TAMS 0x0000000088100000, 0x0000000088100000| Complete 
| 130|0x0000000088200000, 0x0000000088300000, 0x0000000088300000|100%| E|CS|TAMS 0x0000000088200000, 0x0000000088200000| Complete 
| 131|0x0000000088300000, 0x0000000088400000, 0x0000000088400000|100%| E|CS|TAMS 0x0000000088300000, 0x0000000088300000| Complete 
| 132|0x0000000088400000, 0x0000000088500000, 0x0000000088500000|100%| E|CS|TAMS 0x0000000088400000, 0x0000000088400000| Complete 
| 133|0x0000000088500000, 0x0000000088600000, 0x0000000088600000|100%| E|CS|TAMS 0x0000000088500000, 0x0000000088500000| Complete 
| 134|0x0000000088600000, 0x0000000088700000, 0x0000000088700000|100%| E|CS|TAMS 0x0000000088600000, 0x0000000088600000| Complete 
| 135|0x0000000088700000, 0x0000000088800000, 0x0000000088800000|100%| E|CS|TAMS 0x0000000088700000, 0x0000000088700000| Complete 
| 136|0x0000000088800000, 0x0000000088900000, 0x0000000088900000|100%| E|CS|TAMS 0x0000000088800000, 0x0000000088800000| Complete 
| 137|0x0000000088900000, 0x0000000088a00000, 0x0000000088a00000|100%| E|CS|TAMS 0x0000000088900000, 0x0000000088900000| Complete 
| 138|0x0000000088a00000, 0x0000000088b00000, 0x0000000088b00000|100%| E|CS|TAMS 0x0000000088a00000, 0x0000000088a00000| Complete 
| 139|0x0000000088b00000, 0x0000000088c00000, 0x0000000088c00000|100%| E|CS|TAMS 0x0000000088b00000, 0x0000000088b00000| Complete 
| 140|0x0000000088c00000, 0x0000000088d00000, 0x0000000088d00000|100%| E|CS|TAMS 0x0000000088c00000, 0x0000000088c00000| Complete 
| 141|0x0000000088d00000, 0x0000000088e00000, 0x0000000088e00000|100%| E|CS|TAMS 0x0000000088d00000, 0x0000000088d00000| Complete 
| 142|0x0000000088e00000, 0x0000000088f00000, 0x0000000088f00000|100%| E|CS|TAMS 0x0000000088e00000, 0x0000000088e00000| Complete 
| 143|0x0000000088f00000, 0x0000000089000000, 0x0000000089000000|100%| E|CS|TAMS 0x0000000088f00000, 0x0000000088f00000| Complete 
| 144|0x0000000089000000, 0x0000000089100000, 0x0000000089100000|100%| E|CS|TAMS 0x0000000089000000, 0x0000000089000000| Complete 
| 145|0x0000000089100000, 0x0000000089200000, 0x0000000089200000|100%| E|CS|TAMS 0x0000000089100000, 0x0000000089100000| Complete 
| 146|0x0000000089200000, 0x0000000089300000, 0x0000000089300000|100%| E|CS|TAMS 0x0000000089200000, 0x0000000089200000| Complete 
| 147|0x0000000089300000, 0x0000000089400000, 0x0000000089400000|100%| E|CS|TAMS 0x0000000089300000, 0x0000000089300000| Complete 
| 148|0x0000000089400000, 0x0000000089500000, 0x0000000089500000|100%| E|CS|TAMS 0x0000000089400000, 0x0000000089400000| Complete 
| 149|0x0000000089500000, 0x0000000089600000, 0x0000000089600000|100%| E|CS|TAMS 0x0000000089500000, 0x0000000089500000| Complete 
| 150|0x0000000089600000, 0x0000000089700000, 0x0000000089700000|100%| E|CS|TAMS 0x0000000089600000, 0x0000000089600000| Complete 
| 151|0x0000000089700000, 0x0000000089800000, 0x0000000089800000|100%| E|CS|TAMS 0x0000000089700000, 0x0000000089700000| Complete 
| 152|0x0000000089800000, 0x0000000089900000, 0x0000000089900000|100%| E|CS|TAMS 0x0000000089800000, 0x0000000089800000| Complete 
| 199|0x000000008c700000, 0x000000008c800000, 0x000000008c800000|100%| E|CS|TAMS 0x000000008c700000, 0x000000008c700000| Complete 
| 200|0x000000008c800000, 0x000000008c900000, 0x000000008c900000|100%| E|CS|TAMS 0x000000008c800000, 0x000000008c800000| Complete 
| 201|0x000000008c900000, 0x000000008ca00000, 0x000000008ca00000|100%| E|CS|TAMS 0x000000008c900000, 0x000000008c900000| Complete 
| 202|0x000000008ca00000, 0x000000008cb00000, 0x000000008cb00000|100%| E|CS|TAMS 0x000000008ca00000, 0x000000008ca00000| Complete 
| 203|0x000000008cb00000, 0x000000008cc00000, 0x000000008cc00000|100%| E|CS|TAMS 0x000000008cb00000, 0x000000008cb00000| Complete 
| 204|0x000000008cc00000, 0x000000008cd00000, 0x000000008cd00000|100%| E|CS|TAMS 0x000000008cc00000, 0x000000008cc00000| Complete 
| 205|0x000000008cd00000, 0x000000008ce00000, 0x000000008ce00000|100%| E|CS|TAMS 0x000000008cd00000, 0x000000008cd00000| Complete 
| 206|0x000000008ce00000, 0x000000008cf00000, 0x000000008cf00000|100%| E|CS|TAMS 0x000000008ce00000, 0x000000008ce00000| Complete 
| 247|0x000000008f700000, 0x000000008f800000, 0x000000008f800000|100%| E|CS|TAMS 0x000000008f700000, 0x000000008f700000| Complete 

Card table byte_map: [0x0000000015980000,0x0000000015d80000] _byte_map_base: 0x0000000015580000

Marking Bits (Prev, Next): (CMBitMap*) 0x0000000002bc1e60, (CMBitMap*) 0x0000000002bc1ea0
 Prev Bits: [0x0000000016180000, 0x0000000018180000)
 Next Bits: [0x0000000018180000, 0x000000001a180000)

Polling page: 0x00000000004e0000

Metaspace:

Usage:
  Non-class:     63.77 MB used.
      Class:      9.74 MB used.
       Both:     73.51 MB used.

Virtual space:
  Non-class space:       72.00 MB reserved,      64.06 MB ( 89%) committed,  9 nodes.
      Class space:        1.00 GB reserved,      10.00 MB ( <1%) committed,  1 nodes.
             Both:        1.07 GB reserved,      74.06 MB (  7%) committed. 

Chunk freelists:
   Non-Class:  3.14 MB
       Class:  1.96 MB
        Both:  5.10 MB

MaxMetaspaceSize: unlimited
CompressedClassSpaceSize: 1.00 GB
Initial GC threshold: 21.00 MB
Current GC threshold: 118.88 MB
CDS: off
MetaspaceReclaimPolicy: balanced
 - commit_granule_bytes: 65536.
 - commit_granule_words: 8192.
 - virtual_space_node_default_size: 1048576.
 - enlarge_chunks_in_place: 1.
 - new_chunks_are_fully_committed: 0.
 - uncommit_free_chunks: 1.
 - use_allocation_guard: 0.
 - handle_deallocations: 1.


Internal statistics:

num_allocs_failed_limit: 6.
num_arena_births: 770.
num_arena_deaths: 0.
num_vsnodes_births: 10.
num_vsnodes_deaths: 0.
num_space_committed: 1185.
num_space_uncommitted: 0.
num_chunks_returned_to_freelist: 6.
num_chunks_taken_from_freelist: 3199.
num_chunk_merges: 6.
num_chunk_splits: 2129.
num_chunks_enlarged: 1449.
num_purges: 0.
num_inconsistent_stats: 0.

CodeHeap 'non-profiled nmethods': size=120000Kb used=4024Kb max_used=4024Kb free=115975Kb
 bounds [0x000000000daf0000, 0x000000000dee0000, 0x0000000015020000]
CodeHeap 'profiled nmethods': size=120000Kb used=12714Kb max_used=12714Kb free=107285Kb
 bounds [0x0000000006020000, 0x0000000006c90000, 0x000000000d550000]
CodeHeap 'non-nmethods': size=5760Kb used=2400Kb max_used=2453Kb free=3359Kb
 bounds [0x000000000d550000, 0x000000000d7c0000, 0x000000000daf0000]
 total_blobs=7703 nmethods=6772 adapters=843
 compilation: enabled
              stopped_count=0, restarted_count=0
 full_count=0

Compilation events (20 events):
Event: 8.686 Thread 0x0000000025fb59c0 nmethod 7584 0x000000000ded8490 code [0x000000000ded8640, 0x000000000ded8ee8]
Event: 8.686 Thread 0x000000001dc9d280 7588       3       org.gradle.api.internal.tasks.DefaultTaskContainer_Decorated::getMutationGuard (39 bytes)
Event: 8.686 Thread 0x0000000025fb59c0 7585       4       java.util.concurrent.TimeUnit::toMillis (69 bytes)
Event: 8.686 Thread 0x000000001dc9d280 nmethod 7588 0x0000000006c79b10 code [0x0000000006c79d20, 0x0000000006c7a318]
Event: 8.686 Thread 0x000000001dc9d280 7589       3       org.gradle.util.Path::child (47 bytes)
Event: 8.686 Thread 0x000000001dc9d280 nmethod 7589 0x0000000006c7a510 code [0x0000000006c7a6e0, 0x0000000006c7ac48]
Event: 8.686 Thread 0x000000001dc9d280 7590       3       org.gradle.api.internal.collections.DefaultDomainObjectCollectionFactory::newDomainObjectSet (40 bytes)
Event: 8.687 Thread 0x0000000025fb59c0 nmethod 7585 0x000000000ded9390 code [0x000000000ded9500, 0x000000000ded9638]
Event: 8.687 Thread 0x000000001dc9d280 nmethod 7590 0x0000000006c7ae10 code [0x0000000006c7b000, 0x0000000006c7b788]
Event: 8.688 Thread 0x0000000025fb59c0 7591       4       java.lang.Class::isAnnotation (17 bytes)
Event: 8.688 Thread 0x0000000025fb59c0 nmethod 7591 0x000000000ded9710 code [0x000000000ded9880, 0x000000000ded9918]
Event: 8.689 Thread 0x000000001dc9d280 7592       3       org.gradle.api.internal.collections.AbstractIterationOrderRetainingElementSource$RealizedElementCollectionIterator::updateNext (157 bytes)
Event: 8.689 Thread 0x000000001dc9d280 nmethod 7592 0x0000000006c7ba10 code [0x0000000006c7bca0, 0x0000000006c7cb98]
Event: 8.689 Thread 0x000000001dc9d280 7593       3       org.gradle.api.internal.collections.AbstractIterationOrderRetainingElementSource$RealizedElementCollectionIterator::hasNext (13 bytes)
Event: 8.690 Thread 0x000000001dc9d280 nmethod 7593 0x0000000006c7d010 code [0x0000000006c7d1a0, 0x0000000006c7d318]
Event: 8.690 Thread 0x000000001dc9d280 7594       1       org.gradle.api.internal.collections.AbstractIterationOrderRetainingElementSource$ValuePointer::getElement (5 bytes)
Event: 8.690 Thread 0x000000001dc9d280 nmethod 7594 0x000000000ded9a10 code [0x000000000ded9ba0, 0x000000000ded9c78]
Event: 8.690 Thread 0x000000001dc9d280 7595       1       org.gradle.api.internal.collections.AbstractIterationOrderRetainingElementSource$ValuePointer::getIndex (5 bytes)
Event: 8.690 Thread 0x000000001dc9d280 nmethod 7595 0x000000000ded9d10 code [0x000000000ded9ea0, 0x000000000ded9f78]
Event: 8.703 Thread 0x0000000025fb4580 nmethod 7582 0x000000000deda010 code [0x000000000deda280, 0x000000000dedc490]

GC Heap History (20 events):
Event: 6.773 GC heap before
{Heap before GC invocations=20 (full 0):
 garbage-first heap   total 75776K, used 49327K [0x0000000080000000, 0x0000000100000000)
  region size 1024K, 11 young (11264K), 3 survivors (3072K)
 Metaspace       used 60533K, committed 61056K, reserved 1105920K
  class space    used 8063K, committed 8320K, reserved 1048576K
}
Event: 6.775 GC heap after
{Heap after GC invocations=21 (full 0):
 garbage-first heap   total 75776K, used 43818K [0x0000000080000000, 0x0000000100000000)
  region size 1024K, 3 young (3072K), 3 survivors (3072K)
 Metaspace       used 60533K, committed 61056K, reserved 1105920K
  class space    used 8063K, committed 8320K, reserved 1048576K
}
Event: 7.366 GC heap before
{Heap before GC invocations=22 (full 0):
 garbage-first heap   total 83968K, used 66346K [0x0000000080000000, 0x0000000100000000)
  region size 1024K, 16 young (16384K), 3 survivors (3072K)
 Metaspace       used 60974K, committed 61504K, reserved 1105920K
  class space    used 8118K, committed 8384K, reserved 1048576K
}
Event: 7.368 GC heap after
{Heap after GC invocations=23 (full 0):
 garbage-first heap   total 83968K, used 59300K [0x0000000080000000, 0x0000000100000000)
  region size 1024K, 2 young (2048K), 2 survivors (2048K)
 Metaspace       used 60974K, committed 61504K, reserved 1105920K
  class space    used 8118K, committed 8384K, reserved 1048576K
}
Event: 7.396 GC heap before
{Heap before GC invocations=23 (full 0):
 garbage-first heap   total 83968K, used 60324K [0x0000000080000000, 0x0000000100000000)
  region size 1024K, 4 young (4096K), 2 survivors (2048K)
 Metaspace       used 61284K, committed 61888K, reserved 1105920K
  class space    used 8160K, committed 8448K, reserved 1048576K
}
Event: 7.397 GC heap after
{Heap after GC invocations=24 (full 0):
 garbage-first heap   total 83968K, used 59367K [0x0000000080000000, 0x0000000100000000)
  region size 1024K, 1 young (1024K), 1 survivors (1024K)
 Metaspace       used 61284K, committed 61888K, reserved 1105920K
  class space    used 8160K, committed 8448K, reserved 1048576K
}
Event: 7.480 GC heap before
{Heap before GC invocations=24 (full 0):
 garbage-first heap   total 83968K, used 67559K [0x0000000080000000, 0x0000000100000000)
  region size 1024K, 9 young (9216K), 1 survivors (1024K)
 Metaspace       used 62337K, committed 62912K, reserved 1105920K
  class space    used 8294K, committed 8576K, reserved 1048576K
}
Event: 7.481 GC heap after
{Heap after GC invocations=25 (full 0):
 garbage-first heap   total 83968K, used 59594K [0x0000000080000000, 0x0000000100000000)
  region size 1024K, 1 young (1024K), 1 survivors (1024K)
 Metaspace       used 62337K, committed 62912K, reserved 1105920K
  class space    used 8294K, committed 8576K, reserved 1048576K
}
Event: 7.561 GC heap before
{Heap before GC invocations=26 (full 0):
 garbage-first heap   total 104448K, used 67786K [0x0000000080000000, 0x0000000100000000)
  region size 1024K, 9 young (9216K), 1 survivors (1024K)
 Metaspace       used 63459K, committed 64000K, reserved 1105920K
  class space    used 8467K, committed 8768K, reserved 1048576K
}
Event: 7.562 GC heap after
{Heap after GC invocations=27 (full 0):
 garbage-first heap   total 104448K, used 59796K [0x0000000080000000, 0x0000000100000000)
  region size 1024K, 1 young (1024K), 1 survivors (1024K)
 Metaspace       used 63459K, committed 64000K, reserved 1105920K
  class space    used 8467K, committed 8768K, reserved 1048576K
}
Event: 7.608 GC heap before
{Heap before GC invocations=27 (full 0):
 garbage-first heap   total 104448K, used 63892K [0x0000000080000000, 0x0000000100000000)
  region size 1024K, 5 young (5120K), 1 survivors (1024K)
 Metaspace       used 64015K, committed 64576K, reserved 1105920K
  class space    used 8544K, committed 8832K, reserved 1048576K
}
Event: 7.609 GC heap after
{Heap after GC invocations=28 (full 0):
 garbage-first heap   total 104448K, used 59208K [0x0000000080000000, 0x0000000100000000)
  region size 1024K, 1 young (1024K), 1 survivors (1024K)
 Metaspace       used 64015K, committed 64576K, reserved 1105920K
  class space    used 8544K, committed 8832K, reserved 1048576K
}
Event: 7.832 GC heap before
{Heap before GC invocations=28 (full 0):
 garbage-first heap   total 104448K, used 78664K [0x0000000080000000, 0x0000000100000000)
  region size 1024K, 20 young (20480K), 1 survivors (1024K)
 Metaspace       used 67519K, committed 68096K, reserved 1114112K
  class space    used 8899K, committed 9152K, reserved 1048576K
}
Event: 7.833 GC heap after
{Heap after GC invocations=29 (full 0):
 garbage-first heap   total 104448K, used 59913K [0x0000000080000000, 0x0000000100000000)
  region size 1024K, 2 young (2048K), 2 survivors (2048K)
 Metaspace       used 67519K, committed 68096K, reserved 1114112K
  class space    used 8899K, committed 9152K, reserved 1048576K
}
Event: 8.140 GC heap before
{Heap before GC invocations=30 (full 0):
 garbage-first heap   total 106496K, used 80393K [0x0000000080000000, 0x0000000100000000)
  region size 1024K, 22 young (22528K), 2 survivors (2048K)
 Metaspace       used 70901K, committed 71488K, reserved 1114112K
  class space    used 9384K, committed 9664K, reserved 1048576K
}
Event: 8.142 GC heap after
{Heap after GC invocations=31 (full 0):
 garbage-first heap   total 106496K, used 61020K [0x0000000080000000, 0x0000000100000000)
  region size 1024K, 3 young (3072K), 3 survivors (3072K)
 Metaspace       used 70901K, committed 71488K, reserved 1114112K
  class space    used 9384K, committed 9664K, reserved 1048576K
}
Event: 8.155 GC heap before
{Heap before GC invocations=31 (full 0):
 garbage-first heap   total 106496K, used 63068K [0x0000000080000000, 0x0000000100000000)
  region size 1024K, 5 young (5120K), 3 survivors (3072K)
 Metaspace       used 71066K, committed 71616K, reserved 1114112K
  class space    used 9405K, committed 9664K, reserved 1048576K
}
Event: 8.157 GC heap after
{Heap after GC invocations=32 (full 0):
 garbage-first heap   total 106496K, used 61233K [0x0000000080000000, 0x0000000100000000)
  region size 1024K, 1 young (1024K), 1 survivors (1024K)
 Metaspace       used 71066K, committed 71616K, reserved 1114112K
  class space    used 9405K, committed 9664K, reserved 1048576K
}
Event: 8.326 GC heap before
{Heap before GC invocations=32 (full 0):
 garbage-first heap   total 106496K, used 88881K [0x0000000080000000, 0x0000000100000000)
  region size 1024K, 23 young (23552K), 1 survivors (1024K)
 Metaspace       used 72281K, committed 72832K, reserved 1114112K
  class space    used 9560K, committed 9856K, reserved 1048576K
}
Event: 8.328 GC heap after
{Heap after GC invocations=33 (full 0):
 garbage-first heap   total 165888K, used 63710K [0x0000000080000000, 0x0000000100000000)
  region size 1024K, 3 young (3072K), 3 survivors (3072K)
 Metaspace       used 72281K, committed 72832K, reserved 1114112K
  class space    used 9560K, committed 9856K, reserved 1048576K
}

Dll operation events (2 events):
Event: 0.017 Loaded shared library C:\Program Files\Android\Android Studio\jbr\bin\java.dll
Event: 0.601 Loaded shared library C:\Program Files\Android\Android Studio\jbr\bin\verify.dll

Deoptimization events (20 events):
Event: 8.633 Thread 0x00000000200d96d0 Uncommon trap: trap_request=0xffffff45 fr.pc=0x000000000de68bec relative=0x00000000000009ac
Event: 8.633 Thread 0x00000000200d96d0 Uncommon trap: reason=unstable_if action=reinterpret pc=0x000000000de68bec method=org.objectweb.asm.Label.resolve([BI)Z @ 80 c2
Event: 8.633 Thread 0x00000000200d96d0 DEOPT PACKING pc=0x000000000de68bec sp=0x0000000022e55700
Event: 8.633 Thread 0x00000000200d96d0 DEOPT UNPACKING pc=0x000000000d5a69a3 sp=0x0000000022e55620 mode 2
Event: 8.633 Thread 0x00000000200d96d0 Uncommon trap: trap_request=0xffffff45 fr.pc=0x000000000dd5b618 relative=0x00000000000001f8
Event: 8.633 Thread 0x00000000200d96d0 Uncommon trap: reason=unstable_if action=reinterpret pc=0x000000000dd5b618 method=org.objectweb.asm.Label.resolve([BI)Z @ 80 c2
Event: 8.633 Thread 0x00000000200d96d0 DEOPT PACKING pc=0x000000000dd5b618 sp=0x0000000022e55690
Event: 8.633 Thread 0x00000000200d96d0 DEOPT UNPACKING pc=0x000000000d5a69a3 sp=0x0000000022e55610 mode 2
Event: 8.633 Thread 0x00000000200d96d0 Uncommon trap: trap_request=0xffffff45 fr.pc=0x000000000dec857c relative=0x000000000000119c
Event: 8.633 Thread 0x00000000200d96d0 Uncommon trap: reason=unstable_if action=reinterpret pc=0x000000000dec857c method=org.objectweb.asm.MethodWriter.<init>(Lorg/objectweb/asm/SymbolTable;ILjava/lang/String;Ljava/lang/String;Ljava/lang/String;[Ljava/lang/String;I)V @ 94 c2
Event: 8.633 Thread 0x00000000200d96d0 DEOPT PACKING pc=0x000000000dec857c sp=0x0000000022e557d0
Event: 8.633 Thread 0x00000000200d96d0 DEOPT UNPACKING pc=0x000000000d5a69a3 sp=0x0000000022e55700 mode 2
Event: 8.634 Thread 0x00000000200d96d0 Uncommon trap: trap_request=0xffffff45 fr.pc=0x000000000dec31d4 relative=0x0000000000000494
Event: 8.634 Thread 0x00000000200d96d0 Uncommon trap: reason=unstable_if action=reinterpret pc=0x000000000dec31d4 method=org.objectweb.asm.MethodWriter.computeMethodInfoSize()I @ 342 c2
Event: 8.634 Thread 0x00000000200d96d0 DEOPT PACKING pc=0x000000000dec31d4 sp=0x0000000022e55a70
Event: 8.634 Thread 0x00000000200d96d0 DEOPT UNPACKING pc=0x000000000d5a69a3 sp=0x0000000022e55a08 mode 2
Event: 8.634 Thread 0x00000000200d96d0 Uncommon trap: trap_request=0xffffff45 fr.pc=0x000000000decb988 relative=0x0000000000001a68
Event: 8.634 Thread 0x00000000200d96d0 Uncommon trap: reason=unstable_if action=reinterpret pc=0x000000000decb988 method=org.objectweb.asm.MethodWriter.putMethodInfo(Lorg/objectweb/asm/ByteVector;)V @ 108 c2
Event: 8.634 Thread 0x00000000200d96d0 DEOPT PACKING pc=0x000000000decb988 sp=0x0000000022e55a20
Event: 8.634 Thread 0x00000000200d96d0 DEOPT UNPACKING pc=0x000000000d5a69a3 sp=0x0000000022e559d8 mode 2

Classes unloaded (0 events):
No events

Classes redefined (0 events):
No events

Internal exceptions (20 events):
Event: 6.587 Thread 0x000000002031bd60 Exception <a 'java/lang/NoSuchMethodError'{0x0000000083cf47b8}: static Lorg/gradle/internal/build/event/types/AbstractOperationResult;.<clinit>()V> (0x0000000083cf47b8) 
thrown [s\src\hotspot\share\prims\jni.cpp, line 1108]
Event: 6.587 Thread 0x000000002031bd60 Exception <a 'java/lang/NoSuchMethodError'{0x0000000083cf5c30}: static Lorg/gradle/internal/build/event/types/AbstractResult;.<clinit>()V> (0x0000000083cf5c30) 
thrown [s\src\hotspot\share\prims\jni.cpp, line 1108]
Event: 6.588 Thread 0x000000002031bd60 Exception <a 'java/lang/NoSuchMethodError'{0x0000000083b0da60}: static Lorg/gradle/internal/build/event/types/DefaultPluginApplicationResult;.<clinit>()V> (0x0000000083b0da60) 
thrown [s\src\hotspot\share\prims\jni.cpp, line 1108]
Event: 6.589 Thread 0x000000002031bd60 Exception <a 'java/lang/NoSuchMethodError'{0x0000000083b19dc8}: static Lorg/gradle/internal/build/event/types/DefaultBinaryPluginIdentifier;.<clinit>()V> (0x0000000083b19dc8) 
thrown [s\src\hotspot\share\prims\jni.cpp, line 1108]
Event: 6.590 Thread 0x000000002031bd60 Exception <a 'java/lang/NoSuchMethodError'{0x0000000083b31ef8}: static Lorg/gradle/internal/build/event/types/DefaultScriptPluginIdentifier;.<clinit>()V> (0x0000000083b31ef8) 
thrown [s\src\hotspot\share\prims\jni.cpp, line 1108]
Event: 6.760 Thread 0x00000000200d96d0 Implicit null exception at 0x000000000dd96c92 to 0x000000000dd972fc
Event: 6.760 Thread 0x00000000200d96d0 Implicit null exception at 0x000000000ddaea94 to 0x000000000ddaf164
Event: 7.346 Thread 0x00000000200d96d0 Exception <a 'java/lang/ClassNotFoundException'{0x0000000084555e78}: org/gradle/api/internal/plugins/DefaultObjectConfigurationActionBeanInfo> (0x0000000084555e78) 
thrown [s\src\hotspot\share\classfile\systemDictionary.cpp, line 256]
Event: 7.346 Thread 0x00000000200d96d0 Exception <a 'java/lang/ClassNotFoundException'{0x0000000084569c90}: org/gradle/api/internal/plugins/DefaultObjectConfigurationActionCustomizer> (0x0000000084569c90) 
thrown [s\src\hotspot\share\classfile\systemDictionary.cpp, line 256]
Event: 7.369 Thread 0x000000001dc6cda0 Implicit null exception at 0x000000000dde6903 to 0x000000000dde6aac
Event: 7.473 Thread 0x00000000200d96d0 Exception <a 'java/lang/NoSuchMethodError'{0x000000008c7590c8}: 'java.lang.Object java.lang.invoke.DirectMethodHandle$Holder.newInvokeSpecial(java.lang.Object, java.lang.Object, java.lang.Object, java.lang.Object, int)'> (0x000000008c7590c8) 
thrown [s\src\hotspot\share\interpreter\linkResolver.cpp, line 771]
Event: 7.474 Thread 0x00000000200d96d0 Exception <a 'java/lang/NoSuchMethodError'{0x000000008c75e510}: 'java.lang.Object java.lang.invoke.DirectMethodHandle$Holder.invokeSpecial(java.lang.Object, java.lang.Object, java.lang.Object, java.lang.Object, java.lang.Object, int)'> (0x000000008c75e510) 
thrown [s\src\hotspot\share\interpreter\linkResolver.cpp, line 771]
Event: 7.474 Thread 0x00000000200d96d0 Exception <a 'java/lang/NoSuchMethodError'{0x000000008c763290}: 'java.lang.Object java.lang.invoke.Invokers$Holder.linkToTargetMethod(java.lang.Object, java.lang.Object, java.lang.Object, int, java.lang.Object)'> (0x000000008c763290) 
thrown [s\src\hotspot\share\interpreter\linkResolver.cpp, line 771]
Event: 7.605 Thread 0x00000000200d96d0 Exception <a 'java/lang/NoSuchMethodError'{0x000000008ccbee20}: 'int java.lang.invoke.DirectMethodHandle$Holder.invokeInterface(java.lang.Object, java.lang.Object, java.lang.Object, java.lang.Object)'> (0x000000008ccbee20) 
thrown [s\src\hotspot\share\interpreter\linkResolver.cpp, line 771]
Event: 8.014 Thread 0x00000000200d96d0 Exception <a 'java/lang/IncompatibleClassChangeError'{0x0000000085b2bd08}: Found class java.lang.Object, but interface was expected> (0x0000000085b2bd08) 
thrown [s\src\hotspot\share\interpreter\linkResolver.cpp, line 838]
Event: 8.057 Thread 0x00000000200d96d0 Implicit null exception at 0x000000000dd2bcd4 to 0x000000000dd2be7c
Event: 8.058 Thread 0x00000000200d96d0 Implicit null exception at 0x000000000de10dee to 0x000000000de11540
Event: 8.164 Thread 0x00000000200d96d0 Implicit null exception at 0x000000000dcb2c0c to 0x000000000dcb2d42
Event: 8.231 Thread 0x00000000200d96d0 Exception <a 'sun/nio/fs/WindowsException'{0x0000000085866930}> (0x0000000085866930) 
thrown [s\src\hotspot\share\prims\jni.cpp, line 517]
Event: 8.633 Thread 0x00000000200d96d0 Implicit null exception at 0x000000000deafe48 to 0x000000000deaff08

VM Operations (20 events):
Event: 7.608 Executing VM operation: G1CollectForAllocation
Event: 7.609 Executing VM operation: G1CollectForAllocation done
Event: 7.831 Executing VM operation: G1CollectForAllocation
Event: 7.833 Executing VM operation: G1CollectForAllocation done
Event: 7.849 Executing VM operation: G1Concurrent
Event: 7.851 Executing VM operation: G1Concurrent done
Event: 7.858 Executing VM operation: G1Concurrent
Event: 7.859 Executing VM operation: G1Concurrent done
Event: 8.140 Executing VM operation: G1CollectForAllocation
Event: 8.142 Executing VM operation: G1CollectForAllocation done
Event: 8.155 Executing VM operation: G1CollectForAllocation
Event: 8.157 Executing VM operation: G1CollectForAllocation done
Event: 8.167 Executing VM operation: HandshakeAllThreads
Event: 8.168 Executing VM operation: HandshakeAllThreads done
Event: 8.325 Executing VM operation: G1CollectForAllocation
Event: 8.328 Executing VM operation: G1CollectForAllocation done
Event: 8.350 Executing VM operation: G1Concurrent
Event: 8.353 Executing VM operation: G1Concurrent done
Event: 8.362 Executing VM operation: G1Concurrent
Event: 8.362 Executing VM operation: G1Concurrent done

Events (20 events):
Event: 8.173 loading class java/security/cert/CertPathValidatorException$BasicReason
Event: 8.173 loading class java/security/cert/CertPathValidatorException$Reason
Event: 8.173 loading class java/security/cert/CertPathValidatorException$Reason done
Event: 8.173 loading class java/security/cert/CertPathValidatorException$BasicReason done
Event: 8.185 loading class java/util/Base64
Event: 8.185 loading class java/util/Base64 done
Event: 8.185 loading class java/util/Base64$Decoder
Event: 8.186 loading class java/util/Base64$Decoder done
Event: 8.186 loading class java/util/Base64$Encoder
Event: 8.186 loading class java/util/Base64$Encoder done
Event: 8.187 loading class java/util/jar/JarVerifier$VerifierStream
Event: 8.187 loading class java/util/jar/JarVerifier$VerifierStream done
Event: 8.187 loading class sun/security/util/ManifestEntryVerifier$SunProviderHolder
Event: 8.187 loading class sun/security/util/ManifestEntryVerifier$SunProviderHolder done
Event: 8.229 loading class java/security/KeyStore$ProtectionParameter
Event: 8.229 loading class java/security/KeyStore$ProtectionParameter done
Event: 8.586 loading class javax/xml/stream/XMLStreamException
Event: 8.586 loading class javax/xml/stream/XMLStreamException done
Event: 8.610 loading class sun/reflect/annotation/AnnotationInvocationHandler$1
Event: 8.610 loading class sun/reflect/annotation/AnnotationInvocationHandler$1 done


Dynamic libraries:
0x00007ff7d4ce0000 - 0x00007ff7d4cea000 	C:\Program Files\Android\Android Studio\jbr\bin\java.exe
0x00007fff32650000 - 0x00007fff32867000 	C:\WINDOWS\SYSTEM32\ntdll.dll
0x00007fff31ae0000 - 0x00007fff31ba4000 	C:\WINDOWS\System32\KERNEL32.DLL
0x00007fff2fae0000 - 0x00007fff2feb2000 	C:\WINDOWS\System32\KERNELBASE.dll
0x00007fff2ff80000 - 0x00007fff30091000 	C:\WINDOWS\System32\ucrtbase.dll
0x00007fff0d580000 - 0x00007fff0d597000 	C:\Program Files\Android\Android Studio\jbr\bin\jli.dll
0x00007fff30990000 - 0x00007fff30b41000 	C:\WINDOWS\System32\USER32.dll
0x00007fff2f9b0000 - 0x00007fff2f9d6000 	C:\WINDOWS\System32\win32u.dll
0x00007fff30e40000 - 0x00007fff30e69000 	C:\WINDOWS\System32\GDI32.dll
0x00007fff2f740000 - 0x00007fff2f863000 	C:\WINDOWS\System32\gdi32full.dll
0x00007fff30240000 - 0x00007fff302da000 	C:\WINDOWS\System32\msvcp_win.dll
0x00007fff1dd40000 - 0x00007fff1dfdb000 	C:\WINDOWS\WinSxS\amd64_microsoft.windows.common-controls_6595b64144ccf1df_6.0.22621.5547_none_27104afb73855772\COMCTL32.dll
0x00007fff32510000 - 0x00007fff325b7000 	C:\WINDOWS\System32\msvcrt.dll
0x00007fff1a110000 - 0x00007fff1a12b000 	C:\Program Files\Android\Android Studio\jbr\bin\VCRUNTIME140.dll
0x00007fff325d0000 - 0x00007fff32601000 	C:\WINDOWS\System32\IMM32.DLL
0x00007fff27260000 - 0x00007fff2726c000 	C:\Program Files\Android\Android Studio\jbr\bin\vcruntime140_1.dll
0x00007ffef2d60000 - 0x00007ffef2ded000 	C:\Program Files\Android\Android Studio\jbr\bin\msvcp140.dll
0x00007ffe9de50000 - 0x00007ffe9eabe000 	C:\Program Files\Android\Android Studio\jbr\bin\server\jvm.dll
0x00007fff31f90000 - 0x00007fff32041000 	C:\WINDOWS\System32\ADVAPI32.dll
0x00007fff30e70000 - 0x00007fff30f18000 	C:\WINDOWS\System32\sechost.dll
0x00007fff30210000 - 0x00007fff30238000 	C:\WINDOWS\System32\bcrypt.dll
0x00007fff30b50000 - 0x00007fff30c64000 	C:\WINDOWS\System32\RPCRT4.dll
0x00007fff28b00000 - 0x00007fff28b09000 	C:\WINDOWS\SYSTEM32\WSOCK32.dll
0x00007fff30d70000 - 0x00007fff30de1000 	C:\WINDOWS\System32\WS2_32.dll
0x00007fff27e90000 - 0x00007fff27e9a000 	C:\WINDOWS\SYSTEM32\VERSION.dll
0x00007fff27d10000 - 0x00007fff27d44000 	C:\WINDOWS\SYSTEM32\WINMM.dll
0x00007fff2e740000 - 0x00007fff2e758000 	C:\WINDOWS\SYSTEM32\kernel.appcore.dll
0x00007fff27250000 - 0x00007fff2725a000 	C:\Program Files\Android\Android Studio\jbr\bin\jimage.dll
0x00007fff26b60000 - 0x00007fff26d93000 	C:\WINDOWS\SYSTEM32\DBGHELP.DLL
0x00007fff32100000 - 0x00007fff32493000 	C:\WINDOWS\System32\combase.dll
0x00007fff31c30000 - 0x00007fff31d07000 	C:\WINDOWS\System32\OLEAUT32.dll
0x00007fff26b20000 - 0x00007fff26b52000 	C:\WINDOWS\SYSTEM32\dbgcore.DLL
0x00007fff2fa60000 - 0x00007fff2fadb000 	C:\WINDOWS\System32\bcryptPrimitives.dll
0x00007fff1a2b0000 - 0x00007fff1a2d5000 	C:\Program Files\Android\Android Studio\jbr\bin\java.dll
0x00007fff1a260000 - 0x00007fff1a278000 	C:\Program Files\Android\Android Studio\jbr\bin\zip.dll
0x00007fff30f30000 - 0x00007fff317d2000 	C:\WINDOWS\System32\SHELL32.dll
0x00007fff2f870000 - 0x00007fff2f9af000 	C:\WINDOWS\System32\wintypes.dll
0x00007fff2d620000 - 0x00007fff2df3d000 	C:\WINDOWS\SYSTEM32\windows.storage.dll
0x00007fff30760000 - 0x00007fff3086c000 	C:\WINDOWS\System32\SHCORE.dll
0x00007fff30c70000 - 0x00007fff30cd9000 	C:\WINDOWS\System32\shlwapi.dll
0x00007fff2f670000 - 0x00007fff2f69b000 	C:\WINDOWS\SYSTEM32\profapi.dll
0x00007fff19fd0000 - 0x00007fff19fe9000 	C:\Program Files\Android\Android Studio\jbr\bin\net.dll
0x00007fff29f20000 - 0x00007fff2a04c000 	C:\WINDOWS\SYSTEM32\WINHTTP.dll
0x00007fff2ebd0000 - 0x00007fff2ec39000 	C:\WINDOWS\system32\mswsock.dll
0x00007fff0d890000 - 0x00007fff0d8a6000 	C:\Program Files\Android\Android Studio\jbr\bin\nio.dll
0x00007fff271e0000 - 0x00007fff271f0000 	C:\Program Files\Android\Android Studio\jbr\bin\verify.dll
0x00007fff25410000 - 0x00007fff25437000 	C:\Users\ADMIN\.gradle\native\68d5fa5c4cc2d200863cafc0d521ce42e7d3e7ee720ec0a83991735586a16f82\windows-amd64\native-platform.dll
0x00007ffef0330000 - 0x00007ffef0474000 	C:\Users\ADMIN\.gradle\native\e376f236ea51e6404a007f0833ffe2c6e607c4080706a723a18a27aeea778392\windows-amd64\native-platform-file-events.dll
0x00007fff271a0000 - 0x00007fff271a9000 	C:\Program Files\Android\Android Studio\jbr\bin\management.dll
0x00007fff1d5a0000 - 0x00007fff1d5ab000 	C:\Program Files\Android\Android Studio\jbr\bin\management_ext.dll
0x00007fff30980000 - 0x00007fff30988000 	C:\WINDOWS\System32\PSAPI.DLL
0x00007fff2ee50000 - 0x00007fff2ee6b000 	C:\WINDOWS\SYSTEM32\CRYPTSP.dll
0x00007fff2e6a0000 - 0x00007fff2e6d7000 	C:\WINDOWS\system32\rsaenh.dll
0x00007fff2ecc0000 - 0x00007fff2ece8000 	C:\WINDOWS\SYSTEM32\USERENV.dll
0x00007fff2ee40000 - 0x00007fff2ee4c000 	C:\WINDOWS\SYSTEM32\CRYPTBASE.dll
0x00007fff2e1a0000 - 0x00007fff2e1cd000 	C:\WINDOWS\SYSTEM32\IPHLPAPI.DLL
0x00007fff30f20000 - 0x00007fff30f29000 	C:\WINDOWS\System32\NSI.dll
0x00007fff29020000 - 0x00007fff29039000 	C:\WINDOWS\SYSTEM32\dhcpcsvc6.DLL
0x00007fff29000000 - 0x00007fff2901f000 	C:\WINDOWS\SYSTEM32\dhcpcsvc.DLL
0x00007fff2e1d0000 - 0x00007fff2e2c8000 	C:\WINDOWS\SYSTEM32\DNSAPI.dll
0x00007ffef7a30000 - 0x00007ffef7a38000 	C:\WINDOWS\system32\wshunix.dll
0x00007fff28d00000 - 0x00007fff28d0a000 	C:\Windows\System32\rasadhlp.dll
0x00007fff27c00000 - 0x00007fff27c84000 	C:\WINDOWS\System32\fwpuclnt.dll

dbghelp: loaded successfully - version: 4.0.5 - missing functions: none
symbol engine: initialized successfully - sym options: 0x614 - pdb path: .;C:\Program Files\Android\Android Studio\jbr\bin;C:\WINDOWS\SYSTEM32;C:\WINDOWS\WinSxS\amd64_microsoft.windows.common-controls_6595b64144ccf1df_6.0.22621.5547_none_27104afb73855772;C:\Program Files\Android\Android Studio\jbr\bin\server;C:\Users\ADMIN\.gradle\native\68d5fa5c4cc2d200863cafc0d521ce42e7d3e7ee720ec0a83991735586a16f82\windows-amd64;C:\Users\ADMIN\.gradle\native\e376f236ea51e6404a007f0833ffe2c6e607c4080706a723a18a27aeea778392\windows-amd64

VM Arguments:
jvm_args: --add-opens=java.base/java.util=ALL-UNNAMED --add-opens=java.base/java.lang=ALL-UNNAMED --add-opens=java.base/java.lang.invoke=ALL-UNNAMED --add-opens=java.prefs/java.util.prefs=ALL-UNNAMED --add-opens=java.base/java.nio.charset=ALL-UNNAMED --add-opens=java.base/java.net=ALL-UNNAMED --add-opens=java.base/java.util.concurrent.atomic=ALL-UNNAMED -Xmx2048m -Dfile.encoding=UTF-8 -Duser.country=US -Duser.language=en -Duser.variant 
java_command: org.gradle.launcher.daemon.bootstrap.GradleDaemon 8.0
java_class_path (initial): C:\Users\ADMIN\.gradle\wrapper\dists\gradle-8.0-bin\ca5e32bp14vu59qr306oxotwh\gradle-8.0\lib\gradle-launcher-8.0.jar
Launcher Type: SUN_STANDARD

[Global flags]
     intx CICompilerCount                          = 4                                         {product} {ergonomic}
     uint ConcGCThreads                            = 3                                         {product} {ergonomic}
     uint G1ConcRefinementThreads                  = 10                                        {product} {ergonomic}
   size_t G1HeapRegionSize                         = 1048576                                   {product} {ergonomic}
    uintx GCDrainStackTargetSize                   = 64                                        {product} {ergonomic}
   size_t InitialHeapSize                          = 260046848                                 {product} {ergonomic}
   size_t MarkStackSize                            = 4194304                                   {product} {ergonomic}
   size_t MaxHeapSize                              = 2147483648                                {product} {command line}
   size_t MaxNewSize                               = 1287651328                                {product} {ergonomic}
   size_t MinHeapDeltaBytes                        = 1048576                                   {product} {ergonomic}
   size_t MinHeapSize                              = 8388608                                   {product} {ergonomic}
    uintx NonNMethodCodeHeapSize                   = 5839372                                {pd product} {ergonomic}
    uintx NonProfiledCodeHeapSize                  = 122909434                              {pd product} {ergonomic}
    uintx ProfiledCodeHeapSize                     = 122909434                              {pd product} {ergonomic}
    uintx ReservedCodeCacheSize                    = 251658240                              {pd product} {ergonomic}
     bool SegmentedCodeCache                       = true                                      {product} {ergonomic}
   size_t SoftMaxHeapSize                          = 2147483648                             {manageable} {ergonomic}
     bool UseCompressedClassPointers               = true                           {product lp64_product} {ergonomic}
     bool UseCompressedOops                        = true                           {product lp64_product} {ergonomic}
     bool UseG1GC                                  = true                                      {product} {ergonomic}
     bool UseLargePagesIndividualAllocation        = false                                  {pd product} {ergonomic}

Logging:
Log output configuration:
 #0: stdout all=warning uptime,level,tags
 #1: stderr all=off uptime,level,tags

Environment Variables:
JAVA_HOME=C:\Program Files\Java\jdk-17\bin
PATH=C:\Program Files\Common Files\Oracle\Java\javapath;C:\Program Files\Common Files\Oracle\Java\javapath;C:\Program Files\Common Files\Oracle\Java\javapath;C:\WINDOWS\System32;C:\Program Files\OpenSSL-Win64\bin;C:\Program Files\Git\cmd;C:\Program Files\dotnet;D:\Study\Windows Kits\Git\cmd;C:\ProgramData\chocolatey\bin;C:\Program Files\Docker\Docker\resources\bin;%PYTHON_PATH%;C:\Program Files\Java\jdk-17\bin;C:\WINDOWS\system32;C:\WINDOWS;C:\WINDOWS\System32\Wbem;C:\WINDOWS\System32\WindowsPowerShell\v1.0\;C:\WINDOWS\System32\OpenSSH\;;C:\Program Files\Git LFS;C:\Program Files\Cloudflare\Cloudflare WARP\;C:\Program Files\OpenSSL-Win64\bin;C:\Program Files\Git\cmd;C:\Program Files\dotnet;D:\Study\Windows Kits\Git\cmd;C:\ProgramData\chocolatey\bin;C:\Program Files\Docker\Docker\resources\bin;C:\Users\ADMIN\AppData\Local\Programs\Python\Python38;C:\Program Files\Java\jdk-17\bin;C:\WINDOWS\system32;C:\WINDOWS;C:\WINDOWS\System32\Wbem;C:\WINDOWS\System32\WindowsPowerShell\v1.0\;C:\WINDOWS\System32\OpenSSH\;;C:\Program Files\Git LFS;C:\Program Files\Cloudflare\Cloudflare WARP\;C:\Program Files\OpenSSL-Win64\bin;C:\Program Files\Git\cmd;C:\Program Files\dotnet;D:\Study\Windows Kits\Git\cmd;C:\ProgramData\chocolatey\bin;C:\Program Files\Docker\Docker\resources\bin;C:\Users\ADMIN\AppData\Local\Programs\Python\Python38;C:\Program Files\Java\jdk-17\bin;C:\WINDOWS\system32;C:\WINDOWS;C:\WINDOWS\System32\Wbem;C:\WINDOWS\System32\WindowsPowerShell\v1.0\;C:\WINDOWS\System32\OpenSSH\;;C:\Program Files\Git LFS;C:\Program Files\Cloudflare\Cloudflare WARP\;C:\Users\ADMIN\AppData\Local\Microsoft\WindowsApps;C:\Users\ADMIN\AppData\Local\Android\Sdk\tools;C:\Users\ADMIN\AppData\Local\Microsoft\WindowsApps;C:\Users\ADMIN\AppData\Local\Android\Sdk\platform-tools;D:\flutter\bin;C:\Users\ADMIN\AppData\Roaming\npm;C:\Users\ADMIN\Downloads\Compressed\act_Windows_x86_64;D:\Study\IntelliJ\IntelliJ IDEA 2023.3.4\bin;;D:\Study\IntelliJ\New folder\IntelliJ IDEA Community Edition 2024.3.6\bin;;C:\Use
USERNAME=ADMIN
OS=Windows_NT
PROCESSOR_IDENTIFIER=AMD64 Family 25 Model 80 Stepping 0, AuthenticAMD
TMP=C:\Users\ADMIN\AppData\Local\Temp
TEMP=C:\Users\ADMIN\AppData\Local\Temp


JNI global refs:
JNI global refs: 27, weak refs: 0

JNI global refs memory usage: 843, weak refs: 841


---------------  S Y S T E M  ---------------

OS:
 Windows 11 , 64 bit Build 22621 (10.0.22621.5415)
OS uptime: 0 days 3:00 hours
Hyper-V role detected

CPU: total 12 (initial active 12) (12 cores per cpu, 2 threads per core) family 25 model 80 stepping 0 microcode 0x0, cx8, cmov, fxsr, ht, mmx, 3dnowpref, sse, sse2, sse3, ssse3, sse4a, sse4.1, sse4.2, popcnt, lzcnt, tsc, tscinvbit, avx, avx2, aes, erms, clmul, bmi1, bmi2, adx, sha, fma, vzeroupper, clflush, clflushopt, hv

Memory: 4k page, system-wide physical 15754M (2102M free)
TotalPageFile size 19754M (AvailPageFile size 4M)
current process WorkingSet (physical memory assigned to process): 371M, peak: 371M
current process commit charge ("private bytes"): 452M, peak: 453M

vm_info: OpenJDK 64-Bit Server VM (17.0.6+0-b2043.56-10027231) for windows-amd64 JRE (17.0.6+0-b2043.56-10027231), built on Apr 28 2023 00:43:19 by "androidbuild" with MS VC++ 16.10 / 16.11 (VS2019)

END.
